
Optional file libmchp_peripheral.a not found

Optional file libmchp_peripheral_32MX795F512L.a not found
Archive member included because of file (symbol)

c:/program files (x86)/microchip/xc32/v1.42/bin/bin/../../lib/gcc/pic32mx/4.8.3/../../../../pic32mx/lib\libpic32.a(memcpy.o)
                              build/default/production/_ext/1128951024/queue.o (memcpy)
c:/program files (x86)/microchip/xc32/v1.42/bin/bin/../../lib/gcc/pic32mx/4.8.3/../../../../pic32mx/lib\libpic32.a(memset.o)
                              build/default/production/_ext/1128951024/tasks.o (memset)
c:/program files (x86)/microchip/xc32/v1.42/bin/bin/../../lib/gcc/pic32mx/4.8.3/../../../../pic32mx/lib\libpic32.a(default-bootstrap-exception-handler.o)
                              c:/program files (x86)/microchip/xc32/v1.42/bin/bin/../../lib/gcc/pic32mx/4.8.3/../../../../pic32mx/lib/./proc/32MX795F512L/crt0_mips32r2.o (_bootstrap_exception_handler)
c:/program files (x86)/microchip/xc32/v1.42/bin/bin/../../lib/gcc/pic32mx/4.8.3/../../../../pic32mx/lib\libpic32.a(default-on-reset.o)
                              c:/program files (x86)/microchip/xc32/v1.42/bin/bin/../../lib/gcc/pic32mx/4.8.3/../../../../pic32mx/lib/./proc/32MX795F512L/crt0_mips32r2.o (_on_reset)
c:/program files (x86)/microchip/xc32/v1.42/bin/bin/../../lib/gcc/pic32mx/4.8.3/../../../../pic32mx/lib\libpic32.a(default-on-bootstrap.o)
                              c:/program files (x86)/microchip/xc32/v1.42/bin/bin/../../lib/gcc/pic32mx/4.8.3/../../../../pic32mx/lib/./proc/32MX795F512L/crt0_mips32r2.o (_on_bootstrap)
c:/program files (x86)/microchip/xc32/v1.42/bin/bin/../../lib/gcc/pic32mx/4.8.3/../../../../pic32mx/lib\libpic32.a(default-nmi-handler.o)
                              c:/program files (x86)/microchip/xc32/v1.42/bin/bin/../../lib/gcc/pic32mx/4.8.3/../../../../pic32mx/lib/./proc/32MX795F512L/crt0_mips32r2.o (_nmi_handler)
c:/program files (x86)/microchip/xc32/v1.42/bin/bin/../../lib/gcc/pic32mx/4.8.3/../../../../pic32mx/lib\libpic32.a(general-exception.o)
                              c:/program files (x86)/microchip/xc32/v1.42/bin/bin/../../lib/gcc/pic32mx/4.8.3/../../../../pic32mx/lib/./proc/32MX795F512L/crt0_mips32r2.o (_general_exception_context)
c:/program files (x86)/microchip/xc32/v1.42/bin/bin/../../lib/gcc/pic32mx/4.8.3/../../../../pic32mx/lib\libpic32.a(vector0.o)
                              c:/program files (x86)/microchip/xc32/v1.42/bin/bin/../../lib/gcc/pic32mx/4.8.3/../../../../pic32mx/lib/./proc/32MX795F512L\default_isr_vectors.o (__vector_dispatch_0)
c:/program files (x86)/microchip/xc32/v1.42/bin/bin/../../lib/gcc/pic32mx/4.8.3/../../../../pic32mx/lib\libpic32.a(vector2.o)
                              c:/program files (x86)/microchip/xc32/v1.42/bin/bin/../../lib/gcc/pic32mx/4.8.3/../../../../pic32mx/lib/./proc/32MX795F512L\default_isr_vectors.o (__vector_dispatch_2)
c:/program files (x86)/microchip/xc32/v1.42/bin/bin/../../lib/gcc/pic32mx/4.8.3/../../../../pic32mx/lib\libpic32.a(vector3.o)
                              c:/program files (x86)/microchip/xc32/v1.42/bin/bin/../../lib/gcc/pic32mx/4.8.3/../../../../pic32mx/lib/./proc/32MX795F512L\default_isr_vectors.o (__vector_dispatch_3)
c:/program files (x86)/microchip/xc32/v1.42/bin/bin/../../lib/gcc/pic32mx/4.8.3/../../../../pic32mx/lib\libpic32.a(vector5.o)
                              c:/program files (x86)/microchip/xc32/v1.42/bin/bin/../../lib/gcc/pic32mx/4.8.3/../../../../pic32mx/lib/./proc/32MX795F512L\default_isr_vectors.o (__vector_dispatch_5)
c:/program files (x86)/microchip/xc32/v1.42/bin/bin/../../lib/gcc/pic32mx/4.8.3/../../../../pic32mx/lib\libpic32.a(vector6.o)
                              c:/program files (x86)/microchip/xc32/v1.42/bin/bin/../../lib/gcc/pic32mx/4.8.3/../../../../pic32mx/lib/./proc/32MX795F512L\default_isr_vectors.o (__vector_dispatch_6)
c:/program files (x86)/microchip/xc32/v1.42/bin/bin/../../lib/gcc/pic32mx/4.8.3/../../../../pic32mx/lib\libpic32.a(vector7.o)
                              c:/program files (x86)/microchip/xc32/v1.42/bin/bin/../../lib/gcc/pic32mx/4.8.3/../../../../pic32mx/lib/./proc/32MX795F512L\default_isr_vectors.o (__vector_dispatch_7)
c:/program files (x86)/microchip/xc32/v1.42/bin/bin/../../lib/gcc/pic32mx/4.8.3/../../../../pic32mx/lib\libpic32.a(vector9.o)
                              c:/program files (x86)/microchip/xc32/v1.42/bin/bin/../../lib/gcc/pic32mx/4.8.3/../../../../pic32mx/lib/./proc/32MX795F512L\default_isr_vectors.o (__vector_dispatch_9)
c:/program files (x86)/microchip/xc32/v1.42/bin/bin/../../lib/gcc/pic32mx/4.8.3/../../../../pic32mx/lib\libpic32.a(vector10.o)
                              c:/program files (x86)/microchip/xc32/v1.42/bin/bin/../../lib/gcc/pic32mx/4.8.3/../../../../pic32mx/lib/./proc/32MX795F512L\default_isr_vectors.o (__vector_dispatch_10)
c:/program files (x86)/microchip/xc32/v1.42/bin/bin/../../lib/gcc/pic32mx/4.8.3/../../../../pic32mx/lib\libpic32.a(vector11.o)
[...]
Memory Configuration

Name             Origin             Length             Attributes
kseg0_program_mem 0x9d000000         0x00080000         xr
kseg0_boot_mem   0x9fc00490         0x00000970
exception_mem    0x9fc01000         0x00001000
kseg1_boot_mem   0xbfc00000         0x00000490
debug_exec_mem   0xbfc02000         0x00000ff0
config3          0xbfc02ff0         0x00000004
config2          0xbfc02ff4         0x00000004
config1          0xbfc02ff8         0x00000004
config0          0xbfc02ffc         0x00000004
kseg1_data_mem   0xa0000000         0x00020000         w !x
sfrs             0xbf800000         0x00100000
configsfrs       0xbfc02ff0         0x00000010
*default*        0x00000000         0xffffffff

Linker script and memory map

LOAD c:/program files (x86)/microchip/xc32/v1.42/bin/bin/../../lib/gcc/pic32mx/4.8.3/../../../../pic32mx/lib/./proc/32MX795F512L/crt0_mips32r2.o
LOAD c:/program files (x86)/microchip/xc32/v1.42/bin/bin/../../lib/gcc/pic32mx/4.8.3/../../../../pic32mx/lib\debug-exception-return.o
LOAD build/default/production/_ext/1360937237/app.o
LOAD build/default/production/_ext/1360937237/main.o
LOAD build/default/production/_ext/1360937237/debug.o
LOAD build/default/production/_ext/24337685/osal_freertos.o
LOAD build/default/production/_ext/1271179505/sys_devcon.o
LOAD build/default/production/_ext/1271179505/sys_devcon_pic32mx.o
LOAD build/default/production/_ext/122796885/sys_int_pic32.o
LOAD build/default/production/_ext/1128951024/croutine.o
LOAD build/default/production/_ext/1128951024/list.o
LOAD build/default/production/_ext/1128951024/queue.o
LOAD build/default/production/_ext/1128951024/tasks.o
LOAD build/default/production/_ext/1128951024/timers.o
LOAD build/default/production/_ext/1128951024/event_groups.o
LOAD build/default/production/_ext/1856876499/heap_1.o
LOAD build/default/production/_ext/12131622/port.o
LOAD build/default/production/_ext/12131622/port_asm.o
LOAD build/default/production/_ext/1407244131/drv_tmr_static.o
LOAD build/default/production/_ext/1407244131/drv_tmr_mapping.o
LOAD build/default/production/_ext/327000265/drv_usart_mapping.o
LOAD build/default/production/_ext/327000265/drv_usart_static.o
LOAD build/default/production/_ext/327000265/drv_usart_static_byte_model.o
LOAD build/default/production/_ext/639803181/sys_clk_static.o
LOAD build/default/production/_ext/822048611/sys_ports_static.o
LOAD build/default/production/_ext/1688732426/system_init.o
LOAD build/default/production/_ext/1688732426/system_interrupt.o
LOAD build/default/production/_ext/1688732426/system_exceptions.o
LOAD build/default/production/_ext/1688732426/system_tasks.o
LOAD build/default/production/_ext/1688732426/system_interrupt_a.o
LOAD build/default/production/_ext/1688732426/rtos_hooks.o
LOAD ..\..\..\..\bin\framework\peripheral\PIC32MX795F512L_peripherals.a
                0x00000001                __MPLAB_BUILD = 0x1
                0x00000000                _min_heap_size = 0x0
LOAD c:/program files (x86)/microchip/xc32/v1.42/bin/bin/../../lib/gcc/pic32mx/4.8.3/../../../../pic32mx/lib/./proc/32MX795F512L\default_isr_vectors.o
LOAD c:/program files (x86)/microchip/xc32/v1.42/bin/bin/../../lib/gcc/pic32mx/4.8.3/../../../../pic32mx/lib\pic32_software_reset.o
                0x00000400                PROVIDE (_min_stack_size, 0x400)
LOAD c:/program files (x86)/microchip/xc32/v1.42/bin/bin/../../lib/gcc/pic32mx/4.8.3/../../../../pic32mx/lib/./proc/32MX795F512L\processor.o
START GROUP
LOAD libmchp_peripheral.a
END GROUP
START GROUP
LOAD libmchp_peripheral_32MX795F512L.a
END GROUP
                0x00000001                PROVIDE (_vector_spacing, 0x1)
                0x9fc01000                PROVIDE (_ebase_address, 0x9fc01000)
                0xbfc00000                _RESET_ADDR = 0xbfc00000
                0xbfc00380                _BEV_EXCPT_ADDR = 0xbfc00380
                0xbfc00480                _DBG_EXCPT_ADDR = 0xbfc00480
                0xbfc02000                _DBG_CODE_ADDR = 0xbfc02000
                0x00000ff0                _DBG_CODE_SIZE = 0xff0
                0x9fc01180                _GEN_EXCPT_ADDR = (_ebase_address + 0x180)

.config_BFC02FF0
                0xbfc02ff0        0x4
 *(.config_BFC02FF0)
 .config_BFC02FF0
                0xbfc02ff0        0x4 build/default/production/_ext/1688732426/system_init.o

.config_BFC02FF4
                0xbfc02ff4        0x4
 *(.config_BFC02FF4)
 .config_BFC02FF4
                0xbfc02ff4        0x4 build/default/production/_ext/1688732426/system_init.o

.config_BFC02FF8
                0xbfc02ff8        0x4
 *(.config_BFC02FF8)
 .config_BFC02FF8
                0xbfc02ff8        0x4 build/default/production/_ext/1688732426/system_init.o

.config_BFC02FFC
                0xbfc02ffc        0x4
 *(.config_BFC02FFC)
 .config_BFC02FFC
                0xbfc02ffc        0x4 build/default/production/_ext/1688732426/system_init.o
                0xbfc02000                PROVIDE (_DBG_CODE_ADDR, 0xbfc02000)
                0x00000ff0                PROVIDE (_DBG_CODE_SIZE, 0xff0)

.reset          0xbfc00000      0x208
 *(.reset)
 .reset         0xbfc00000        0x8 c:/program files (x86)/microchip/xc32/v1.42/bin/bin/../../lib/gcc/pic32mx/4.8.3/../../../../pic32mx/lib/./proc/32MX795F512L/crt0_mips32r2.o
                0xbfc00000                _reset
 *(.reset.startup)
 .reset.startup
                0xbfc00008      0x200 c:/program files (x86)/microchip/xc32/v1.42/bin/bin/../../lib/gcc/pic32mx/4.8.3/../../../../pic32mx/lib/./proc/32MX795F512L/crt0_mips32r2.o

.bev_excpt      0xbfc00380       0x10
 *(.bev_handler)
 .bev_handler   0xbfc00380       0x10 c:/program files (x86)/microchip/xc32/v1.42/bin/bin/../../lib/gcc/pic32mx/4.8.3/../../../../pic32mx/lib/./proc/32MX795F512L/crt0_mips32r2.o

.dbg_excpt      0xbfc00480        0x0
                0xbfc00480                . = (. + DEFINED (_DEBUGGER)?0x8:0x0)

.dbg_code       0xbfc02000        0x0
                0xbfc02000                . = (. + DEFINED (_DEBUGGER)?_DBG_CODE_SIZE:0x0)

.app_excpt      0x9fc01180       0x10
 *(.gen_handler)
 .gen_handler   0x9fc01180       0x10 c:/program files (x86)/microchip/xc32/v1.42/bin/bin/../../lib/gcc/pic32mx/4.8.3/../../../../pic32mx/lib/./proc/32MX795F512L/crt0_mips32r2.o

.vector_0       0x9fc01200        0x8
 *(.vector_0)
 .vector_0      0x9fc01200        0x8 c:/program files (x86)/microchip/xc32/v1.42/bin/bin/../../lib/gcc/pic32mx/4.8.3/../../../../pic32mx/lib\libpic32.a(vector0.o)
                0x9fc01200                __vector_dispatch_0
                0x00000001                ASSERT (((_vector_spacing == 0x0) || (SIZEOF (.vector_0) <= (_vector_spacing << 0x5))), function at exception vector 0 too large)

.vector_1       0x9fc01220        0x8
 *(.vector_1)
 .vector_1      0x9fc01220        0x8 build/default/production/_ext/12131622/port.o
                0x9fc01220                __vector_dispatch_1
                0x00000001                ASSERT (((_vector_spacing == 0x0) || (SIZEOF (.vector_1) <= (_vector_spacing << 0x5))), function at exception vector 1 too large)

.vector_2       0x9fc01240        0x8
 *(.vector_2)
 .vector_2      0x9fc01240        0x8 c:/program files (x86)/microchip/xc32/v1.42/bin/bin/../../lib/gcc/pic32mx/4.8.3/../../../../pic32mx/lib\libpic32.a(vector2.o)
                0x9fc01240                __vector_dispatch_2
                0x00000001                ASSERT (((_vector_spacing == 0x0) || (SIZEOF (.vector_2) <= (_vector_spacing << 0x5))), function at exception vector 2 too large)

.vector_3       0x9fc01260        0x8
 *(.vector_3)
 .vector_3      0x9fc01260        0x8 c:/program files (x86)/microchip/xc32/v1.42/bin/bin/../../lib/gcc/pic32mx/4.8.3/../../../../pic32mx/lib\libpic32.a(vector3.o)
                0x9fc01260                __vector_dispatch_3
                0x00000001                ASSERT (((_vector_spacing == 0x0) || (SIZEOF (.vector_3) <= (_vector_spacing << 0x5))), function at exception vector 3 too large)

.vector_4       0x9fc01280        0x8
 *(.vector_4)
 .vector_4      0x9fc01280        0x8 build/default/production/_ext/12131622/port.o
                0x9fc01280                __vector_dispatch_4
                0x00000001                ASSERT (((_vector_spacing == 0x0) || (SIZEOF (.vector_4) <= (_vector_spacing << 0x5))), function at exception vector 4 too large)

.vector_5       0x9fc012a0        0x8
 *(.vector_5)
 .vector_5      0x9fc012a0        0x8 c:/program files (x86)/microchip/xc32/v1.42/bin/bin/../../lib/gcc/pic32mx/4.8.3/../../../../pic32mx/lib\libpic32.a(vector5.o)
                0x9fc012a0                __vector_dispatch_5
                0x00000001                ASSERT (((_vector_spacing == 0x0) || (SIZEOF (.vector_5) <= (_vector_spacing << 0x5))), function at exception vector 5 too large)

.vector_6       0x9fc012c0        0x8
 *(.vector_6)
 .vector_6      0x9fc012c0        0x8 c:/program files (x86)/microchip/xc32/v1.42/bin/bin/../../lib/gcc/pic32mx/4.8.3/../../../../pic32mx/lib\libpic32.a(vector6.o)
                0x9fc012c0                __vector_dispatch_6
                0x00000001                ASSERT (((_vector_spacing == 0x0) || (SIZEOF (.vector_6) <= (_vector_spacing << 0x5))), function at exception vector 6 too large)

.vector_7       0x9fc012e0        0x8
 *(.vector_7)
 .vector_7      0x9fc012e0        0x8 c:/program files (x86)/microchip/xc32/v1.42/bin/bin/../../lib/gcc/pic32mx/4.8.3/../../../../pic32mx/lib\libpic32.a(vector7.o)
                0x9fc012e0                __vector_dispatch_7
                0x00000001                ASSERT (((_vector_spacing == 0x0) || (SIZEOF (.vector_7) <= (_vector_spacing << 0x5))), function at exception vector 7 too large)

.vector_8       0x9fc01300       0x10
 *(.vector_8)
 .vector_8      0x9fc01300       0x10 build/default/production/_ext/1688732426/system_interrupt_a.o
                0x9fc01300                __vector_dispatch_8
                0x00000001                ASSERT (((_vector_spacing == 0x0) || (SIZEOF (.vector_8) <= (_vector_spacing << 0x5))), function at exception vector 8 too large)

.vector_9       0x9fc01320        0x8
 *(.vector_9)
 .vector_9      0x9fc01320        0x8 c:/program files (x86)/microchip/xc32/v1.42/bin/bin/../../lib/gcc/pic32mx/4.8.3/../../../../pic32mx/lib\libpic32.a(vector9.o)
                0x9fc01320                __vector_dispatch_9
                0x00000001                ASSERT (((_vector_spacing == 0x0) || (SIZEOF (.vector_9) <= (_vector_spacing << 0x5))), function at exception vector 9 too large)

.vector_10      0x9fc01340        0x8
 *(.vector_10)
 .vector_10     0x9fc01340        0x8 c:/program files (x86)/microchip/xc32/v1.42/bin/bin/../../lib/gcc/pic32mx/4.8.3/../../../../pic32mx/lib\libpic32.a(vector10.o)
                0x9fc01340                __vector_dispatch_10
                0x00000001                ASSERT (((_vector_spacing == 0x0) || (SIZEOF (.vector_10) <= (_vector_spacing << 0x5))), function at exception vector 10 too large)

.vector_11      0x9fc01360        0x8
 *(.vector_11)
 .vector_11     0x9fc01360        0x8 c:/program files (x86)/microchip/xc32/v1.42/bin/bin/../../lib/gcc/pic32mx/4.8.3/../../../../pic32mx/lib\libpic32.a(vector11.o)
                0x9fc01360                __vector_dispatch_11
                0x00000001                ASSERT (((_vector_spacing == 0x0) || (SIZEOF (.vector_11) <= (_vector_spacing << 0x5))), function at exception vector 11 too large)

.vector_12      0x9fc01380        0x8
 *(.vector_12)
 .vector_12     0x9fc01380        0x8 c:/program files (x86)/microchip/xc32/v1.42/bin/bin/../../lib/gcc/pic32mx/4.8.3/../../../../pic32mx/lib\libpic32.a(vector12.o)
                0x9fc01380                __vector_dispatch_12
                0x00000001                ASSERT (((_vector_spacing == 0x0) || (SIZEOF (.vector_12) <= (_vector_spacing << 0x5))), function at exception vector 12 too large)

.vector_13      0x9fc013a0        0x8
 *(.vector_13)
 .vector_13     0x9fc013a0        0x8 c:/program files (x86)/microchip/xc32/v1.42/bin/bin/../../lib/gcc/pic32mx/4.8.3/../../../../pic32mx/lib\libpic32.a(vector13.o)
                0x9fc013a0                __vector_dispatch_13
                0x00000001                ASSERT (((_vector_spacing == 0x0) || (SIZEOF (.vector_13) <= (_vector_spacing << 0x5))), function at exception vector 13 too large)

.vector_14      0x9fc013c0        0x8
 *(.vector_14)
 .vector_14     0x9fc013c0        0x8 c:/program files (x86)/microchip/xc32/v1.42/bin/bin/../../lib/gcc/pic32mx/4.8.3/../../../../pic32mx/lib\libpic32.a(vector14.o)
                0x9fc013c0                __vector_dispatch_14
                0x00000001                ASSERT (((_vector_spacing == 0x0) || (SIZEOF (.vector_14) <= (_vector_spacing << 0x5))), function at exception vector 14 too large)

.vector_15      0x9fc013e0        0x8
 *(.vector_15)
 .vector_15     0x9fc013e0        0x8 c:/program files (x86)/microchip/xc32/v1.42/bin/bin/../../lib/gcc/pic32mx/4.8.3/../../../../pic32mx/lib\libpic32.a(vector15.o)
                0x9fc013e0                __vector_dispatch_15
                0x00000001                ASSERT (((_vector_spacing == 0x0) || (SIZEOF (.vector_15) <= (_vector_spacing << 0x5))), function at exception vector 15 too large)

.vector_16      0x9fc01400        0x8
 *(.vector_16)
 .vector_16     0x9fc01400        0x8 c:/program files (x86)/microchip/xc32/v1.42/bin/bin/../../lib/gcc/pic32mx/4.8.3/../../../../pic32mx/lib\libpic32.a(vector16.o)
                0x9fc01400                __vector_dispatch_16
                0x00000001                ASSERT (((_vector_spacing == 0x0) || (SIZEOF (.vector_16) <= (_vector_spacing << 0x5))), function at exception vector 16 too large)

.vector_17      0x9fc01420        0x8
 *(.vector_17)
 .vector_17     0x9fc01420        0x8 c:/program files (x86)/microchip/xc32/v1.42/bin/bin/../../lib/gcc/pic32mx/4.8.3/../../../../pic32mx/lib\libpic32.a(vector17.o)
                0x9fc01420                __vector_dispatch_17
                0x00000001                ASSERT (((_vector_spacing == 0x0) || (SIZEOF (.vector_17) <= (_vector_spacing << 0x5))), function at exception vector 17 too large)

.vector_18      0x9fc01440        0x8
 *(.vector_18)
 .vector_18     0x9fc01440        0x8 c:/program files (x86)/microchip/xc32/v1.42/bin/bin/../../lib/gcc/pic32mx/4.8.3/../../../../pic32mx/lib\libpic32.a(vector18.o)
                0x9fc01440                __vector_dispatch_18
                0x00000001                ASSERT (((_vector_spacing == 0x0) || (SIZEOF (.vector_18) <= (_vector_spacing << 0x5))), function at exception vector 18 too large)

.vector_19      0x9fc01460        0x8
 *(.vector_19)
 .vector_19     0x9fc01460        0x8 c:/program files (x86)/microchip/xc32/v1.42/bin/bin/../../lib/gcc/pic32mx/4.8.3/../../../../pic32mx/lib\libpic32.a(vector19.o)
                0x9fc01460                __vector_dispatch_19
                0x00000001                ASSERT (((_vector_spacing == 0x0) || (SIZEOF (.vector_19) <= (_vector_spacing << 0x5))), function at exception vector 19 too large)

.vector_20      0x9fc01480        0x8
 *(.vector_20)
 .vector_20     0x9fc01480        0x8 c:/program files (x86)/microchip/xc32/v1.42/bin/bin/../../lib/gcc/pic32mx/4.8.3/../../../../pic32mx/lib\libpic32.a(vector20.o)
                0x9fc01480                __vector_dispatch_20
                0x00000001                ASSERT (((_vector_spacing == 0x0) || (SIZEOF (.vector_20) <= (_vector_spacing << 0x5))), function at exception vector 20 too large)

.vector_21      0x9fc014a0        0x8
 *(.vector_21)
 .vector_21     0x9fc014a0        0x8 c:/program files (x86)/microchip/xc32/v1.42/bin/bin/../../lib/gcc/pic32mx/4.8.3/../../../../pic32mx/lib\libpic32.a(vector21.o)
                0x9fc014a0                __vector_dispatch_21
                0x00000001                ASSERT (((_vector_spacing == 0x0) || (SIZEOF (.vector_21) <= (_vector_spacing << 0x5))), function at exception vector 21 too large)

.vector_22      0x9fc014c0        0x8
 *(.vector_22)
 .vector_22     0x9fc014c0        0x8 c:/program files (x86)/microchip/xc32/v1.42/bin/bin/../../lib/gcc/pic32mx/4.8.3/../../../../pic32mx/lib\libpic32.a(vector22.o)
                0x9fc014c0                __vector_dispatch_22
                0x00000001                ASSERT (((_vector_spacing == 0x0) || (SIZEOF (.vector_22) <= (_vector_spacing << 0x5))), function at exception vector 22 too large)

.vector_23      0x9fc014e0        0x8
 *(.vector_23)
 .vector_23     0x9fc014e0        0x8 c:/program files (x86)/microchip/xc32/v1.42/bin/bin/../../lib/gcc/pic32mx/4.8.3/../../../../pic32mx/lib\libpic32.a(vector23.o)
                0x9fc014e0                __vector_dispatch_23
                0x00000001                ASSERT (((_vector_spacing == 0x0) || (SIZEOF (.vector_23) <= (_vector_spacing << 0x5))), function at exception vector 23 too large)

.vector_24      0x9fc01500        0x8
 *(.vector_24)
 .vector_24     0x9fc01500        0x8 c:/program files (x86)/microchip/xc32/v1.42/bin/bin/../../lib/gcc/pic32mx/4.8.3/../../../../pic32mx/lib\libpic32.a(vector24.o)
                0x9fc01500                __vector_dispatch_24
                0x00000001                ASSERT (((_vector_spacing == 0x0) || (SIZEOF (.vector_24) <= (_vector_spacing << 0x5))), function at exception vector 24 too large)

.vector_25      0x9fc01520        0x8
 *(.vector_25)
 .vector_25     0x9fc01520        0x8 c:/program files (x86)/microchip/xc32/v1.42/bin/bin/../../lib/gcc/pic32mx/4.8.3/../../../../pic32mx/lib\libpic32.a(vector25.o)
                0x9fc01520                __vector_dispatch_25
                0x00000001                ASSERT (((_vector_spacing == 0x0) || (SIZEOF (.vector_25) <= (_vector_spacing << 0x5))), function at exception vector 25 too large)

.vector_26      0x9fc01540        0x8
 *(.vector_26)
 .vector_26     0x9fc01540        0x8 c:/program files (x86)/microchip/xc32/v1.42/bin/bin/../../lib/gcc/pic32mx/4.8.3/../../../../pic32mx/lib\libpic32.a(vector26.o)
                0x9fc01540                __vector_dispatch_26
                0x00000001                ASSERT (((_vector_spacing == 0x0) || (SIZEOF (.vector_26) <= (_vector_spacing << 0x5))), function at exception vector 26 too large)

.vector_27      0x9fc01560        0x8
 *(.vector_27)
 .vector_27     0x9fc01560        0x8 c:/program files (x86)/microchip/xc32/v1.42/bin/bin/../../lib/gcc/pic32mx/4.8.3/../../../../pic32mx/lib\libpic32.a(vector27.o)
                0x9fc01560                __vector_dispatch_27
                0x00000001                ASSERT (((_vector_spacing == 0x0) || (SIZEOF (.vector_27) <= (_vector_spacing << 0x5))), function at exception vector 27 too large)

.vector_28      0x9fc01580        0x8
 *(.vector_28)
 .vector_28     0x9fc01580        0x8 c:/program files (x86)/microchip/xc32/v1.42/bin/bin/../../lib/gcc/pic32mx/4.8.3/../../../../pic32mx/lib\libpic32.a(vector28.o)
                0x9fc01580                __vector_dispatch_28
                0x00000001                ASSERT (((_vector_spacing == 0x0) || (SIZEOF (.vector_28) <= (_vector_spacing << 0x5))), function at exception vector 28 too large)

.vector_29      0x9fc015a0        0x8
 *(.vector_29)
 .vector_29     0x9fc015a0        0x8 c:/program files (x86)/microchip/xc32/v1.42/bin/bin/../../lib/gcc/pic32mx/4.8.3/../../../../pic32mx/lib\libpic32.a(vector29.o)
                0x9fc015a0                __vector_dispatch_29
                0x00000001                ASSERT (((_vector_spacing == 0x0) || (SIZEOF (.vector_29) <= (_vector_spacing << 0x5))), function at exception vector 29 too large)

.vector_30      0x9fc015c0        0x8
 *(.vector_30)
 .vector_30     0x9fc015c0        0x8 c:/program files (x86)/microchip/xc32/v1.42/bin/bin/../../lib/gcc/pic32mx/4.8.3/../../../../pic32mx/lib\libpic32.a(vector30.o)
                0x9fc015c0                __vector_dispatch_30
                0x00000001                ASSERT (((_vector_spacing == 0x0) || (SIZEOF (.vector_30) <= (_vector_spacing << 0x5))), function at exception vector 30 too large)

.vector_31      0x9fc015e0        0x8
 *(.vector_31)
 .vector_31     0x9fc015e0        0x8 c:/program files (x86)/microchip/xc32/v1.42/bin/bin/../../lib/gcc/pic32mx/4.8.3/../../../../pic32mx/lib\libpic32.a(vector31.o)
                0x9fc015e0                __vector_dispatch_31
                0x00000001                ASSERT (((_vector_spacing == 0x0) || (SIZEOF (.vector_31) <= (_vector_spacing << 0x5))), function at exception vector 31 too large)

.vector_32      0x9fc01600        0x8
 *(.vector_32)
 .vector_32     0x9fc01600        0x8 c:/program files (x86)/microchip/xc32/v1.42/bin/bin/../../lib/gcc/pic32mx/4.8.3/../../../../pic32mx/lib\libpic32.a(vector32.o)
                0x9fc01600                __vector_dispatch_32
                0x00000001                ASSERT (((_vector_spacing == 0x0) || (SIZEOF (.vector_32) <= (_vector_spacing << 0x5))), function at exception vector 32 too large)

.vector_33      0x9fc01620        0x8
 *(.vector_33)
 .vector_33     0x9fc01620        0x8 c:/program files (x86)/microchip/xc32/v1.42/bin/bin/../../lib/gcc/pic32mx/4.8.3/../../../../pic32mx/lib\libpic32.a(vector33.o)
                0x9fc01620                __vector_dispatch_33
                0x00000001                ASSERT (((_vector_spacing == 0x0) || (SIZEOF (.vector_33) <= (_vector_spacing << 0x5))), function at exception vector 33 too large)

.vector_34      0x9fc01640        0x8
 *(.vector_34)
 .vector_34     0x9fc01640        0x8 c:/program files (x86)/microchip/xc32/v1.42/bin/bin/../../lib/gcc/pic32mx/4.8.3/../../../../pic32mx/lib\libpic32.a(vector34.o)
                0x9fc01640                __vector_dispatch_34
                0x00000001                ASSERT (((_vector_spacing == 0x0) || (SIZEOF (.vector_34) <= (_vector_spacing << 0x5))), function at exception vector 34 too large)

.vector_35      0x9fc01660        0x8
 *(.vector_35)
 .vector_35     0x9fc01660        0x8 c:/program files (x86)/microchip/xc32/v1.42/bin/bin/../../lib/gcc/pic32mx/4.8.3/../../../../pic32mx/lib\libpic32.a(vector35.o)
                0x9fc01660                __vector_dispatch_35
                0x00000001                ASSERT (((_vector_spacing == 0x0) || (SIZEOF (.vector_35) <= (_vector_spacing << 0x5))), function at exception vector 35 too large)

.vector_36      0x9fc01680        0x8
 *(.vector_36)
 .vector_36     0x9fc01680        0x8 c:/program files (x86)/microchip/xc32/v1.42/bin/bin/../../lib/gcc/pic32mx/4.8.3/../../../../pic32mx/lib\libpic32.a(vector36.o)
                0x9fc01680                __vector_dispatch_36
                0x00000001                ASSERT (((_vector_spacing == 0x0) || (SIZEOF (.vector_36) <= (_vector_spacing << 0x5))), function at exception vector 36 too large)

.vector_37      0x9fc016a0        0x8
 *(.vector_37)
 .vector_37     0x9fc016a0        0x8 c:/program files (x86)/microchip/xc32/v1.42/bin/bin/../../lib/gcc/pic32mx/4.8.3/../../../../pic32mx/lib\libpic32.a(vector37.o)
                0x9fc016a0                __vector_dispatch_37
                0x00000001                ASSERT (((_vector_spacing == 0x0) || (SIZEOF (.vector_37) <= (_vector_spacing << 0x5))), function at exception vector 37 too large)

.vector_38      0x9fc016c0        0x8
 *(.vector_38)
 .vector_38     0x9fc016c0        0x8 c:/program files (x86)/microchip/xc32/v1.42/bin/bin/../../lib/gcc/pic32mx/4.8.3/../../../../pic32mx/lib\libpic32.a(vector38.o)
                0x9fc016c0                __vector_dispatch_38
                0x00000001                ASSERT (((_vector_spacing == 0x0) || (SIZEOF (.vector_38) <= (_vector_spacing << 0x5))), function at exception vector 38 too large)

.vector_39      0x9fc016e0        0x8
 *(.vector_39)
 .vector_39     0x9fc016e0        0x8 c:/program files (x86)/microchip/xc32/v1.42/bin/bin/../../lib/gcc/pic32mx/4.8.3/../../../../pic32mx/lib\libpic32.a(vector39.o)
                0x9fc016e0                __vector_dispatch_39
                0x00000001                ASSERT (((_vector_spacing == 0x0) || (SIZEOF (.vector_39) <= (_vector_spacing << 0x5))), function at exception vector 39 too large)

.vector_40      0x9fc01700        0x8
 *(.vector_40)
 .vector_40     0x9fc01700        0x8 c:/program files (x86)/microchip/xc32/v1.42/bin/bin/../../lib/gcc/pic32mx/4.8.3/../../../../pic32mx/lib\libpic32.a(vector40.o)
                0x9fc01700                __vector_dispatch_40
                0x00000001                ASSERT (((_vector_spacing == 0x0) || (SIZEOF (.vector_40) <= (_vector_spacing << 0x5))), function at exception vector 40 too large)

.vector_41      0x9fc01720        0x8
 *(.vector_41)
 .vector_41     0x9fc01720        0x8 c:/program files (x86)/microchip/xc32/v1.42/bin/bin/../../lib/gcc/pic32mx/4.8.3/../../../../pic32mx/lib\libpic32.a(vector41.o)
                0x9fc01720                __vector_dispatch_41
                0x00000001                ASSERT (((_vector_spacing == 0x0) || (SIZEOF (.vector_41) <= (_vector_spacing << 0x5))), function at exception vector 41 too large)

.vector_42      0x9fc01740        0x8
 *(.vector_42)
 .vector_42     0x9fc01740        0x8 c:/program files (x86)/microchip/xc32/v1.42/bin/bin/../../lib/gcc/pic32mx/4.8.3/../../../../pic32mx/lib\libpic32.a(vector42.o)
                0x9fc01740                __vector_dispatch_42
                0x00000001                ASSERT (((_vector_spacing == 0x0) || (SIZEOF (.vector_42) <= (_vector_spacing << 0x5))), function at exception vector 42 too large)

.vector_43      0x9fc01760        0x8
 *(.vector_43)
 .vector_43     0x9fc01760        0x8 c:/program files (x86)/microchip/xc32/v1.42/bin/bin/../../lib/gcc/pic32mx/4.8.3/../../../../pic32mx/lib\libpic32.a(vector43.o)
                0x9fc01760                __vector_dispatch_43
                0x00000001                ASSERT (((_vector_spacing == 0x0) || (SIZEOF (.vector_43) <= (_vector_spacing << 0x5))), function at exception vector 43 too large)

.vector_44      0x9fc01780        0x8
 *(.vector_44)
 .vector_44     0x9fc01780        0x8 c:/program files (x86)/microchip/xc32/v1.42/bin/bin/../../lib/gcc/pic32mx/4.8.3/../../../../pic32mx/lib\libpic32.a(vector44.o)
                0x9fc01780                __vector_dispatch_44
                0x00000001                ASSERT (((_vector_spacing == 0x0) || (SIZEOF (.vector_44) <= (_vector_spacing << 0x5))), function at exception vector 44 too large)

.vector_45      0x9fc017a0        0x8
 *(.vector_45)
 .vector_45     0x9fc017a0        0x8 c:/program files (x86)/microchip/xc32/v1.42/bin/bin/../../lib/gcc/pic32mx/4.8.3/../../../../pic32mx/lib\libpic32.a(vector45.o)
                0x9fc017a0                __vector_dispatch_45
                0x00000001                ASSERT (((_vector_spacing == 0x0) || (SIZEOF (.vector_45) <= (_vector_spacing << 0x5))), function at exception vector 45 too large)

.vector_46      0x9fc017c0        0x8
 *(.vector_46)
 .vector_46     0x9fc017c0        0x8 c:/program files (x86)/microchip/xc32/v1.42/bin/bin/../../lib/gcc/pic32mx/4.8.3/../../../../pic32mx/lib\libpic32.a(vector46.o)
                0x9fc017c0                __vector_dispatch_46
                0x00000001                ASSERT (((_vector_spacing == 0x0) || (SIZEOF (.vector_46) <= (_vector_spacing << 0x5))), function at exception vector 46 too large)

.vector_47      0x9fc017e0        0x8
 *(.vector_47)
 .vector_47     0x9fc017e0        0x8 c:/program files (x86)/microchip/xc32/v1.42/bin/bin/../../lib/gcc/pic32mx/4.8.3/../../../../pic32mx/lib\libpic32.a(vector47.o)
                0x9fc017e0                __vector_dispatch_47
                0x00000001                ASSERT (((_vector_spacing == 0x0) || (SIZEOF (.vector_47) <= (_vector_spacing << 0x5))), function at exception vector 47 too large)

.vector_48      0x9fc01800        0x8
 *(.vector_48)
 .vector_48     0x9fc01800        0x8 c:/program files (x86)/microchip/xc32/v1.42/bin/bin/../../lib/gcc/pic32mx/4.8.3/../../../../pic32mx/lib\libpic32.a(vector48.o)
                0x9fc01800                __vector_dispatch_48
                0x00000001                ASSERT (((_vector_spacing == 0x0) || (SIZEOF (.vector_48) <= (_vector_spacing << 0x5))), function at exception vector 48 too large)

.vector_49      0x9fc01820        0x8
 *(.vector_49)
 .vector_49     0x9fc01820        0x8 c:/program files (x86)/microchip/xc32/v1.42/bin/bin/../../lib/gcc/pic32mx/4.8.3/../../../../pic32mx/lib\libpic32.a(vector49.o)
                0x9fc01820                __vector_dispatch_49
                0x00000001                ASSERT (((_vector_spacing == 0x0) || (SIZEOF (.vector_49) <= (_vector_spacing << 0x5))), function at exception vector 49 too large)

.vector_50      0x9fc01840        0x8
 *(.vector_50)
 .vector_50     0x9fc01840        0x8 c:/program files (x86)/microchip/xc32/v1.42/bin/bin/../../lib/gcc/pic32mx/4.8.3/../../../../pic32mx/lib\libpic32.a(vector50.o)
                0x9fc01840                __vector_dispatch_50
                0x00000001                ASSERT (((_vector_spacing == 0x0) || (SIZEOF (.vector_50) <= (_vector_spacing << 0x5))), function at exception vector 50 too large)

.vector_51      0x9fc01860        0x8
 *(.vector_51)
 .vector_51     0x9fc01860        0x8 c:/program files (x86)/microchip/xc32/v1.42/bin/bin/../../lib/gcc/pic32mx/4.8.3/../../../../pic32mx/lib\libpic32.a(vector51.o)
                0x9fc01860                __vector_dispatch_51
                0x00000001                ASSERT (((_vector_spacing == 0x0) || (SIZEOF (.vector_51) <= (_vector_spacing << 0x5))), function at exception vector 51 too large)

.vector_52      0x9fc01880        0x0
 *(.vector_52)
                0x00000001                ASSERT (((_vector_spacing == 0x0) || (SIZEOF (.vector_52) <= (_vector_spacing << 0x5))), function at exception vector 52 too large)

.vector_53      0x9fc018a0        0x0
 *(.vector_53)
                0x00000001                ASSERT (((_vector_spacing == 0x0) || (SIZEOF (.vector_53) <= (_vector_spacing << 0x5))), function at exception vector 53 too large)

.vector_54      0x9fc018c0        0x0
 *(.vector_54)
                0x00000001                ASSERT (((_vector_spacing == 0x0) || (SIZEOF (.vector_54) <= (_vector_spacing << 0x5))), function at exception vector 54 too large)

.vector_55      0x9fc018e0        0x0
 *(.vector_55)
                0x00000001                ASSERT (((_vector_spacing == 0x0) || (SIZEOF (.vector_55) <= (_vector_spacing << 0x5))), function at exception vector 55 too large)

.vector_56      0x9fc01900        0x0
 *(.vector_56)
                0x00000001                ASSERT (((_vector_spacing == 0x0) || (SIZEOF (.vector_56) <= (_vector_spacing << 0x5))), function at exception vector 56 too large)

.vector_57      0x9fc01920        0x0
 *(.vector_57)
                0x00000001                ASSERT (((_vector_spacing == 0x0) || (SIZEOF (.vector_57) <= (_vector_spacing << 0x5))), function at exception vector 57 too large)

.vector_58      0x9fc01940        0x0
 *(.vector_58)
                0x00000001                ASSERT (((_vector_spacing == 0x0) || (SIZEOF (.vector_58) <= (_vector_spacing << 0x5))), function at exception vector 58 too large)

.vector_59      0x9fc01960        0x0
 *(.vector_59)
                0x00000001                ASSERT (((_vector_spacing == 0x0) || (SIZEOF (.vector_59) <= (_vector_spacing << 0x5))), function at exception vector 59 too large)

.vector_60      0x9fc01980        0x0
 *(.vector_60)
                0x00000001                ASSERT (((_vector_spacing == 0x0) || (SIZEOF (.vector_60) <= (_vector_spacing << 0x5))), function at exception vector 60 too large)

.vector_61      0x9fc019a0        0x0
 *(.vector_61)
                0x00000001                ASSERT (((_vector_spacing == 0x0) || (SIZEOF (.vector_61) <= (_vector_spacing << 0x5))), function at exception vector 61 too large)

.vector_62      0x9fc019c0        0x0
 *(.vector_62)
                0x00000001                ASSERT (((_vector_spacing == 0x0) || (SIZEOF (.vector_62) <= (_vector_spacing << 0x5))), function at exception vector 62 too large)

.vector_63      0x9fc019e0        0x0
 *(.vector_63)
                0x00000001                ASSERT (((_vector_spacing == 0x0) || (SIZEOF (.vector_63) <= (_vector_spacing << 0x5))), function at exception vector 63 too large)

.startup
 *(.startup)

.text           0x9d000000        0x0
 *(.stub .gnu.linkonce.t.*)
 *(.text.*personality*)
 *(.mips16.fn.*)
 *(.mips16.call.*)
 *(.gnu.warning)
                0x9d000000                . = ALIGN (0x4)

.init           0x9d000000        0x0
 *crti.o(.init)
 *crtbegin.o(.init)
 *(EXCLUDE_FILE(*crtn.o *crtend?.o *crtend.o) .init)
 *crtend.o(.init)
 *crtn.o(.init)
                0x9d000000                . = ALIGN (0x4)

.fini           0x9d000000        0x0
 *(.fini)
                0x9d000000                . = ALIGN (0x4)

.preinit_array  0x9d000000        0x0
                0x9d000000                PROVIDE (__preinit_array_start, .)
 *(.preinit_array)
                0x9d000000                PROVIDE (__preinit_array_end, .)
                0x9d000000                . = ALIGN (0x4)

.init_array     0x9d000000        0x0
                0x9d000000                PROVIDE (__init_array_start, .)
 *(SORT(.init_array.*))
 *(.init_array)
                0x9d000000                PROVIDE (__init_array_end, .)
                0x9d000000                . = ALIGN (0x4)

.fini_array     0x9d000000        0x0
                0x9d000000                PROVIDE (__fini_array_start, .)
 *(SORT(.fini_array.*))
 *(.fini_array)
                0x9d000000                PROVIDE (__fini_array_end, .)
                0x9d000000                . = ALIGN (0x4)

.ctors          0x9d000000        0x0
 *crtbegin.o(.ctors)
 *crtbegin?.o(.ctors)
 *(EXCLUDE_FILE(*crtend?.o *crtend.o) .ctors)
 *(SORT(.ctors.*))
 *(.ctors)
                0x9d000000                . = ALIGN (0x4)

.dtors          0x9d000000        0x0
 *crtbegin.o(.dtors)
 *crtbegin?.o(.dtors)
 *(EXCLUDE_FILE(*crtend?.o *crtend.o) .dtors)
 *(SORT(.dtors.*))
 *(.dtors)
                0x9d000000                . = ALIGN (0x4)

.rodata         0x9d000000        0x0
 *(.gnu.linkonce.r.*)
 *(.rodata1)
                0x9d000000                . = ALIGN (0x4)

.sdata2         0x9fc00490        0x0
 *(.sdata2 .sdata2.* .gnu.linkonce.s2.*)
                0x9fc00490                . = ALIGN (0x4)

.sbss2          0x9fc00490        0x0
 *(.sbss2 .sbss2.* .gnu.linkonce.sb2.*)
                0x9fc00490                . = ALIGN (0x4)

.eh_frame_hdr
 *(.eh_frame_hdr)
                0x9fc00490                . = ALIGN (0x4)

.eh_frame
 *(.eh_frame)
                0x9fc00490                . = ALIGN (0x4)

.gcc_except_table
 *(.gcc_except_table .gcc_except_table.*)
                0x9fc00490                . = ALIGN (0x4)

.dbg_data       0xa0000000        0x0
                0xa0000000                . = (. + DEFINED (_DEBUGGER)?0x200:0x0)

.jcr            0xa0000000        0x0
 *(.jcr)
                0xa0000000                . = ALIGN (0x4)

.eh_frame
 *(.eh_frame)
                0xa0000000                . = ALIGN (0x4)

.gcc_except_table
 *(.gcc_except_table .gcc_except_table.*)
                0xa0000000                . = ALIGN (0x4)

.persist        0xa0000000        0x0
                0xa0000000                _persist_begin = .
 *(.persist .persist.*)
 *(.pbss .pbss.*)
                0xa0000000                . = ALIGN (0x4)
                0xa0000000                _persist_end = .

.data           0xa0000000        0x0
 *(.gnu.linkonce.d.*)
 *(.data1)
                0xa0000000                . = ALIGN (0x4)
                0xa0000000                . = .
                0xa0007ff0                _gp = (ALIGN (0x10) + 0x7ff0)

.got            0xa0000000        0x0
 *(.got.plt)
 *(.got)
                0xa0000000                . = ALIGN (0x4)

.sdata          0xa0000000        0x4
                0xa0000000                _sdata_begin = .
 *(.sdata .sdata.* .gnu.linkonce.s.*)
 .sdata         0xa0000000        0x4 build/default/production/_ext/12131622/port.o
                0xa0000000                uxInterruptNesting
                0xa0000004                . = ALIGN (0x4)
                0xa0000004                _sdata_end = .

.lit8
 *(.lit8)

.lit4
 *(.lit4)
                0xa0000004                . = ALIGN (0x4)
                0xa0000004                _data_end = .
                0xa0000004                _bss_begin = .

.sbss           0xa0000004       0x6c
                0xa0000004                _sbss_begin = .
 *(.dynsbss)
 *(.sbss .sbss.* .gnu.linkonce.sb.*)
 .sbss          0xa0000004       0x3c build/default/production/_ext/1128951024/tasks.o
                0xa000003c                pxCurrentTCB
 .sbss          0xa0000040        0x8 build/default/production/_ext/1856876499/heap_1.o
 .sbss          0xa0000048        0x4 build/default/production/_ext/12131622/port.o
                0xa0000048                uxSavedTaskStackPointer
 .sbss          0xa000004c        0x1 build/default/production/_ext/1407244131/drv_tmr_static.o
 *fill*         0xa000004d        0x3 
 .sbss          0xa0000050        0x4 build/default/production/_ext/1688732426/system_interrupt.o
 .sbss          0xa0000054        0xc build/default/production/_ext/1688732426/system_exceptions.o
 *(.scommon)
 .scommon       0xa0000060        0x4 build/default/production/_ext/1360937237/app.o
                0xa0000060                Q_Mile1
 .scommon       0xa0000064        0x8 build/default/production/_ext/1271179505/sys_devcon.o
                0xa0000064                sysDevconObj
 .scommon       0xa000006c        0x4 build/default/production/_ext/327000265/drv_usart_static.o
                0xa000006c                gDrvUSART0Obj
                0xa0000070                _sbss_end = .
                0xa0000070                . = ALIGN (0x4)

.bss            0xa0000070        0xc
 *(.dynbss)
 *(COMMON)
 COMMON         0xa0000070        0xc build/default/production/_ext/1688732426/system_init.o
                0xa0000070                sysObj
                0xa000007c                . = ALIGN ((. != 0x0)?0x4:0x1)
                0xa000007c                . = ALIGN (0x4)
                0xa000007c                _end = .
                0xa000007c                _bss_end = .
                0x00020000                _bmxdudba_address = 0x20000
                0x00020000                _bmxdupba_address = 0x20000

/DISCARD/
 *(.pdr)
 *(.rel.dyn)
 *(.note.GNU-stack)
 *(.note.GNU-stack)
 *(.gnu_debuglink)
 *(.gnu.lto_*)
 *(.discard)

.gptab.sdata
 *(.gptab.data)
 *(.gptab.sdata)

.gptab.sbss
 *(.gptab.bss)
 *(.gptab.sbss)

.mdebug.abi32   0xa000007c        0x0
 *(.mdebug.abi32)
 .mdebug.abi32  0xa000007c        0x0 build/default/production/_ext/1360937237/app.o
 .mdebug.abi32  0xa000007c        0x0 build/default/production/_ext/1360937237/main.o
 .mdebug.abi32  0xa000007c        0x0 build/default/production/_ext/1360937237/debug.o
 .mdebug.abi32  0xa000007c        0x0 build/default/production/_ext/24337685/osal_freertos.o
 .mdebug.abi32  0xa000007c        0x0 build/default/production/_ext/1271179505/sys_devcon.o
 .mdebug.abi32  0xa000007c        0x0 build/default/production/_ext/1271179505/sys_devcon_pic32mx.o
 .mdebug.abi32  0xa000007c        0x0 build/default/production/_ext/122796885/sys_int_pic32.o
 .mdebug.abi32  0xa000007c        0x0 build/default/production/_ext/1128951024/croutine.o
 .mdebug.abi32  0xa000007c        0x0 build/default/production/_ext/1128951024/list.o
 .mdebug.abi32  0xa000007c        0x0 build/default/production/_ext/1128951024/queue.o
 .mdebug.abi32  0xa000007c        0x0 build/default/production/_ext/1128951024/tasks.o
 .mdebug.abi32  0xa000007c        0x0 build/default/production/_ext/1128951024/timers.o
 .mdebug.abi32  0xa000007c        0x0 build/default/production/_ext/1128951024/event_groups.o
 .mdebug.abi32  0xa000007c        0x0 build/default/production/_ext/1856876499/heap_1.o
 .mdebug.abi32  0xa000007c        0x0 build/default/production/_ext/12131622/port.o
 .mdebug.abi32  0xa000007c        0x0 build/default/production/_ext/1407244131/drv_tmr_static.o
 .mdebug.abi32  0xa000007c        0x0 build/default/production/_ext/1407244131/drv_tmr_mapping.o
 .mdebug.abi32  0xa000007c        0x0 build/default/production/_ext/327000265/drv_usart_mapping.o
 .mdebug.abi32  0xa000007c        0x0 build/default/production/_ext/327000265/drv_usart_static.o
 .mdebug.abi32  0xa000007c        0x0 build/default/production/_ext/327000265/drv_usart_static_byte_model.o
 .mdebug.abi32  0xa000007c        0x0 build/default/production/_ext/639803181/sys_clk_static.o
 .mdebug.abi32  0xa000007c        0x0 build/default/production/_ext/822048611/sys_ports_static.o
 .mdebug.abi32  0xa000007c        0x0 build/default/production/_ext/1688732426/system_init.o
 .mdebug.abi32  0xa000007c        0x0 build/default/production/_ext/1688732426/system_interrupt.o
 .mdebug.abi32  0xa000007c        0x0 build/default/production/_ext/1688732426/system_exceptions.o
 .mdebug.abi32  0xa000007c        0x0 build/default/production/_ext/1688732426/system_tasks.o
 .mdebug.abi32  0xa000007c        0x0 build/default/production/_ext/1688732426/rtos_hooks.o
 .mdebug.abi32  0xa000007c        0x0 c:/program files (x86)/microchip/xc32/v1.42/bin/bin/../../lib/gcc/pic32mx/4.8.3/../../../../pic32mx/lib\libpic32.a(default-bootstrap-exception-handler.o)
 .mdebug.abi32  0xa000007c        0x0 c:/program files (x86)/microchip/xc32/v1.42/bin/bin/../../lib/gcc/pic32mx/4.8.3/../../../../pic32mx/lib\libpic32.a(default-on-reset.o)
 .mdebug.abi32  0xa000007c        0x0 c:/program files (x86)/microchip/xc32/v1.42/bin/bin/../../lib/gcc/pic32mx/4.8.3/../../../../pic32mx/lib\libpic32.a(default-on-bootstrap.o)
 .mdebug.abi32  0xa000007c        0x0 c:/program files (x86)/microchip/xc32/v1.42/bin/bin/../../lib/gcc/pic32mx/4.8.3/../../../../pic32mx/lib\libpic32.a(defaultinterrupt.o)

.mdebug.abiN32
 *(.mdebug.abiN32)

.mdebug.abi64
 *(.mdebug.abi64)

.mdebug.abiO64
 *(.mdebug.abiO64)

.mdebug.eabi32
 *(.mdebug.eabi32)

.mdebug.eabi64
 *(.mdebug.eabi64)

.gcc_compiled_long32
 *(.gcc_compiled_long32)

.gcc_compiled_long64
 *(.gcc_compiled_long64)

.stab
 *(.stab)

.stabstr
 *(.stabstr)

.stab.excl
 *(.stab.excl)

.stab.exclstr
 *(.stab.exclstr)

.stab.index
 *(.stab.index)

.stab.indexstr
 *(.stab.indexstr)

.comment        0x00000000       0x54
 *(.comment)
 .comment       0x00000000       0x3c build/default/production/_ext/1360937237/app.o
                                 0x3d (size before relaxing)
 .comment       0x00000000       0x3d build/default/production/_ext/1360937237/main.o
 .comment       0x00000000       0x3d build/default/production/_ext/1360937237/debug.o
 .comment       0x00000000       0x3d build/default/production/_ext/24337685/osal_freertos.o
 .comment       0x00000000       0x3d build/default/production/_ext/1271179505/sys_devcon.o
 .comment       0x00000000       0x3d build/default/production/_ext/1271179505/sys_devcon_pic32mx.o
 .comment       0x00000000       0x3d build/default/production/_ext/122796885/sys_int_pic32.o
 .comment       0x00000000       0x3d build/default/production/_ext/1128951024/croutine.o
 .comment       0x00000000       0x3d build/default/production/_ext/1128951024/list.o
 .comment       0x00000000       0x3d build/default/production/_ext/1128951024/queue.o
 .comment       0x00000000       0x3d build/default/production/_ext/1128951024/tasks.o
 .comment       0x00000000       0x3d build/default/production/_ext/1128951024/timers.o
 .comment       0x00000000       0x3d build/default/production/_ext/1128951024/event_groups.o
 .comment       0x00000000       0x3d build/default/production/_ext/1856876499/heap_1.o
 .comment       0x00000000       0x3d build/default/production/_ext/12131622/port.o
 .comment       0x00000000       0x3d build/default/production/_ext/1407244131/drv_tmr_static.o
 .comment       0x00000000       0x3d build/default/production/_ext/1407244131/drv_tmr_mapping.o
 .comment       0x00000000       0x3d build/default/production/_ext/327000265/drv_usart_mapping.o
 .comment       0x00000000       0x3d build/default/production/_ext/327000265/drv_usart_static.o
 .comment       0x00000000       0x3d build/default/production/_ext/327000265/drv_usart_static_byte_model.o
 .comment       0x00000000       0x3d build/default/production/_ext/639803181/sys_clk_static.o
 .comment       0x00000000       0x3d build/default/production/_ext/822048611/sys_ports_static.o
 .comment       0x00000000       0x3d build/default/production/_ext/1688732426/system_init.o
 .comment       0x00000000       0x3d build/default/production/_ext/1688732426/system_interrupt.o
 .comment       0x00000000       0x3d build/default/production/_ext/1688732426/system_exceptions.o
 .comment       0x00000000       0x3d build/default/production/_ext/1688732426/system_tasks.o
 .comment       0x00000000       0x3d build/default/production/_ext/1688732426/rtos_hooks.o
 .comment       0x0000003c       0x18 c:/program files (x86)/microchip/xc32/v1.42/bin/bin/../../lib/gcc/pic32mx/4.8.3/../../../../pic32mx/lib\libpic32.a(memset.o)
                                 0x19 (size before relaxing)
 .comment       0x00000000       0x3d c:/program files (x86)/microchip/xc32/v1.42/bin/bin/../../lib/gcc/pic32mx/4.8.3/../../../../pic32mx/lib\libpic32.a(default-bootstrap-exception-handler.o)
 .comment       0x00000000       0x3d c:/program files (x86)/microchip/xc32/v1.42/bin/bin/../../lib/gcc/pic32mx/4.8.3/../../../../pic32mx/lib\libpic32.a(default-on-reset.o)
 .comment       0x00000000       0x3d c:/program files (x86)/microchip/xc32/v1.42/bin/bin/../../lib/gcc/pic32mx/4.8.3/../../../../pic32mx/lib\libpic32.a(default-on-bootstrap.o)
 .comment       0x00000000       0x3d c:/program files (x86)/microchip/xc32/v1.42/bin/bin/../../lib/gcc/pic32mx/4.8.3/../../../../pic32mx/lib\libpic32.a(defaultinterrupt.o)

.debug
 *(.debug)

.line
 *(.line)

.debug_srcinfo
 *(.debug_srcinfo)

.debug_sfnames
 *(.debug_sfnames)

.debug_aranges  0x00000000      0xb00
 *(.debug_aranges)
 .debug_aranges
                0x00000000       0x40 build/default/production/_ext/1360937237/app.o
 .debug_aranges
                0x00000040       0x20 build/default/production/_ext/1360937237/main.o
 .debug_aranges
                0x00000060       0x38 build/default/production/_ext/1360937237/debug.o
 .debug_aranges
                0x00000098       0x88 build/default/production/_ext/24337685/osal_freertos.o
 .debug_aranges
                0x00000120       0x78 build/default/production/_ext/1271179505/sys_devcon.o
 .debug_aranges
                0x00000198       0x20 build/default/production/_ext/1271179505/sys_devcon_pic32mx.o
 .debug_aranges
                0x000001b8       0x48 build/default/production/_ext/122796885/sys_int_pic32.o
 .debug_aranges
                0x00000200       0x18 build/default/production/_ext/1128951024/croutine.o
 .debug_aranges
                0x00000218       0x40 build/default/production/_ext/1128951024/list.o
 .debug_aranges
                0x00000258       0xb0 build/default/production/_ext/1128951024/queue.o
 .debug_aranges
                0x00000308      0x178 build/default/production/_ext/1128951024/tasks.o
 .debug_aranges
                0x00000480       0x18 build/default/production/_ext/1128951024/timers.o
 .debug_aranges
                0x00000498       0x60 build/default/production/_ext/1128951024/event_groups.o
 .debug_aranges
                0x000004f8       0x38 build/default/production/_ext/1856876499/heap_1.o
 .debug_aranges
                0x00000530       0x58 build/default/production/_ext/12131622/port.o
 .debug_aranges
                0x00000588       0x20 build/default/production/_ext/12131622/port_asm.o
 .debug_aranges
                0x000005a8       0x88 build/default/production/_ext/1407244131/drv_tmr_static.o
 .debug_aranges
                0x00000630       0xc8 build/default/production/_ext/1407244131/drv_tmr_mapping.o
 .debug_aranges
                0x000006f8       0xa8 build/default/production/_ext/327000265/drv_usart_mapping.o
 .debug_aranges
                0x000007a0       0x60 build/default/production/_ext/327000265/drv_usart_static.o
 .debug_aranges
                0x00000800       0x48 build/default/production/_ext/327000265/drv_usart_static_byte_model.o
 .debug_aranges
                0x00000848       0x50 build/default/production/_ext/639803181/sys_clk_static.o
 .debug_aranges
                0x00000898      0x108 build/default/production/_ext/822048611/sys_ports_static.o
 .debug_aranges
                0x000009a0       0x20 build/default/production/_ext/1688732426/system_init.o
 .debug_aranges
                0x000009c0       0x20 build/default/production/_ext/1688732426/system_interrupt.o
 .debug_aranges
                0x000009e0       0x20 build/default/production/_ext/1688732426/system_exceptions.o
 .debug_aranges
                0x00000a00       0x30 build/default/production/_ext/1688732426/system_tasks.o
 .debug_aranges
                0x00000a30       0x28 build/default/production/_ext/1688732426/system_interrupt_a.o
 .debug_aranges
                0x00000a58       0x28 build/default/production/_ext/1688732426/rtos_hooks.o
 .debug_aranges
                0x00000a80       0x20 c:/program files (x86)/microchip/xc32/v1.42/bin/bin/../../lib/gcc/pic32mx/4.8.3/../../../../pic32mx/lib\libpic32.a(default-bootstrap-exception-handler.o)
 .debug_aranges
                0x00000aa0       0x20 c:/program files (x86)/microchip/xc32/v1.42/bin/bin/../../lib/gcc/pic32mx/4.8.3/../../../../pic32mx/lib\libpic32.a(default-on-reset.o)
 .debug_aranges
                0x00000ac0       0x20 c:/program files (x86)/microchip/xc32/v1.42/bin/bin/../../lib/gcc/pic32mx/4.8.3/../../../../pic32mx/lib\libpic32.a(default-on-bootstrap.o)
 .debug_aranges
                0x00000ae0       0x20 c:/program files (x86)/microchip/xc32/v1.42/bin/bin/../../lib/gcc/pic32mx/4.8.3/../../../../pic32mx/lib\libpic32.a(defaultinterrupt.o)

.debug_pubnames
 *(.debug_pubnames)

.debug_info     0x00000000    0x1fd6f
 *(.debug_info .gnu.linkonce.wi.*)
 .debug_info    0x00000000     0x104c build/default/production/_ext/1360937237/app.o
 .debug_info    0x0000104c      0x1a6 build/default/production/_ext/1360937237/main.o
 .debug_info    0x000011f2     0x1854 build/default/production/_ext/1360937237/debug.o
 .debug_info    0x00002a46      0xa8a build/default/production/_ext/24337685/osal_freertos.o
 .debug_info    0x000034d0     0x114a build/default/production/_ext/1271179505/sys_devcon.o
 .debug_info    0x0000461a      0xd3b build/default/production/_ext/1271179505/sys_devcon_pic32mx.o
 .debug_info    0x00005355     0x15a2 build/default/production/_ext/122796885/sys_int_pic32.o
 .debug_info    0x000068f7      0x16b build/default/production/_ext/1128951024/croutine.o
 .debug_info    0x00006a62      0x467 build/default/production/_ext/1128951024/list.o
 .debug_info    0x00006ec9     0x191a build/default/production/_ext/1128951024/queue.o
 .debug_info    0x000087e3     0x2909 build/default/production/_ext/1128951024/tasks.o
 .debug_info    0x0000b0ec      0x169 build/default/production/_ext/1128951024/timers.o
 .debug_info    0x0000b255      0xd3e build/default/production/_ext/1128951024/event_groups.o
 .debug_info    0x0000bf93      0x371 build/default/production/_ext/1856876499/heap_1.o
 .debug_info    0x0000c304     0x119a build/default/production/_ext/12131622/port.o
 .debug_info    0x0000d49e       0xb9 build/default/production/_ext/12131622/port_asm.o
 .debug_info    0x0000d557     0x33c2 build/default/production/_ext/1407244131/drv_tmr_static.o
 .debug_info    0x00010919     0x106b build/default/production/_ext/1407244131/drv_tmr_mapping.o
 .debug_info    0x00011984     0x1896 build/default/production/_ext/327000265/drv_usart_mapping.o
 .debug_info    0x0001321a     0x2806 build/default/production/_ext/327000265/drv_usart_static.o
 .debug_info    0x00015a20     0x1206 build/default/production/_ext/327000265/drv_usart_static_byte_model.o
 .debug_info    0x00016c26     0x15ef build/default/production/_ext/639803181/sys_clk_static.o
 .debug_info    0x00018215     0x3ad1 build/default/production/_ext/822048611/sys_ports_static.o
 .debug_info    0x0001bce6      0xe8b build/default/production/_ext/1688732426/system_init.o
 .debug_info    0x0001cb71     0x165b build/default/production/_ext/1688732426/system_interrupt.o
 .debug_info    0x0001e1cc      0x95a build/default/production/_ext/1688732426/system_exceptions.o
 .debug_info    0x0001eb26      0xbdf build/default/production/_ext/1688732426/system_tasks.o
 .debug_info    0x0001f705       0x98 build/default/production/_ext/1688732426/system_interrupt_a.o
 .debug_info    0x0001f79d      0x24e build/default/production/_ext/1688732426/rtos_hooks.o
 .debug_info    0x0001f9eb       0xf5 c:/program files (x86)/microchip/xc32/v1.42/bin/bin/../../lib/gcc/pic32mx/4.8.3/../../../../pic32mx/lib\libpic32.a(default-bootstrap-exception-handler.o)
 .debug_info    0x0001fae0       0xcf c:/program files (x86)/microchip/xc32/v1.42/bin/bin/../../lib/gcc/pic32mx/4.8.3/../../../../pic32mx/lib\libpic32.a(default-on-reset.o)
 .debug_info    0x0001fbaf       0xd7 c:/program files (x86)/microchip/xc32/v1.42/bin/bin/../../lib/gcc/pic32mx/4.8.3/../../../../pic32mx/lib\libpic32.a(default-on-bootstrap.o)
 .debug_info    0x0001fc86       0xe9 c:/program files (x86)/microchip/xc32/v1.42/bin/bin/../../lib/gcc/pic32mx/4.8.3/../../../../pic32mx/lib\libpic32.a(defaultinterrupt.o)

.debug_abbrev   0x00000000     0x3452
 *(.debug_abbrev)
 .debug_abbrev  0x00000000      0x26b build/default/production/_ext/1360937237/app.o
 .debug_abbrev  0x0000026b       0x93 build/default/production/_ext/1360937237/main.o
 .debug_abbrev  0x000002fe      0x1c0 build/default/production/_ext/1360937237/debug.o
 .debug_abbrev  0x000004be      0x1fe build/default/production/_ext/24337685/osal_freertos.o
 .debug_abbrev  0x000006bc      0x26d build/default/production/_ext/1271179505/sys_devcon.o
 .debug_abbrev  0x00000929      0x16d build/default/production/_ext/1271179505/sys_devcon_pic32mx.o
 .debug_abbrev  0x00000a96      0x1d0 build/default/production/_ext/122796885/sys_int_pic32.o
 .debug_abbrev  0x00000c66       0x1b build/default/production/_ext/1128951024/croutine.o
 .debug_abbrev  0x00000c81       0xf1 build/default/production/_ext/1128951024/list.o
 .debug_abbrev  0x00000d72      0x2f4 build/default/production/_ext/1128951024/queue.o
 .debug_abbrev  0x00001066      0x381 build/default/production/_ext/1128951024/tasks.o
 .debug_abbrev  0x000013e7       0x1b build/default/production/_ext/1128951024/timers.o
 .debug_abbrev  0x00001402      0x29a build/default/production/_ext/1128951024/event_groups.o
 .debug_abbrev  0x0000169c      0x13f build/default/production/_ext/1856876499/heap_1.o
 .debug_abbrev  0x000017db      0x2cf build/default/production/_ext/12131622/port.o
 .debug_abbrev  0x00001aaa       0x14 build/default/production/_ext/12131622/port_asm.o
 .debug_abbrev  0x00001abe      0x314 build/default/production/_ext/1407244131/drv_tmr_static.o
 .debug_abbrev  0x00001dd2      0x24a build/default/production/_ext/1407244131/drv_tmr_mapping.o
 .debug_abbrev  0x0000201c      0x244 build/default/production/_ext/327000265/drv_usart_mapping.o
 .debug_abbrev  0x00002260      0x394 build/default/production/_ext/327000265/drv_usart_static.o
 .debug_abbrev  0x000025f4      0x270 build/default/production/_ext/327000265/drv_usart_static_byte_model.o
 .debug_abbrev  0x00002864      0x29c build/default/production/_ext/639803181/sys_clk_static.o
 .debug_abbrev  0x00002b00      0x222 build/default/production/_ext/822048611/sys_ports_static.o
 .debug_abbrev  0x00002d22      0x231 build/default/production/_ext/1688732426/system_init.o
 .debug_abbrev  0x00002f53      0x19f build/default/production/_ext/1688732426/system_interrupt.o
 .debug_abbrev  0x000030f2       0xaf build/default/production/_ext/1688732426/system_exceptions.o
 .debug_abbrev  0x000031a1      0x168 build/default/production/_ext/1688732426/system_tasks.o
 .debug_abbrev  0x00003309       0x12 build/default/production/_ext/1688732426/system_interrupt_a.o
 .debug_abbrev  0x0000331b       0x97 build/default/production/_ext/1688732426/rtos_hooks.o
 .debug_abbrev  0x000033b2       0x28 c:/program files (x86)/microchip/xc32/v1.42/bin/bin/../../lib/gcc/pic32mx/4.8.3/../../../../pic32mx/lib\libpic32.a(default-bootstrap-exception-handler.o)
 .debug_abbrev  0x000033da       0x28 c:/program files (x86)/microchip/xc32/v1.42/bin/bin/../../lib/gcc/pic32mx/4.8.3/../../../../pic32mx/lib\libpic32.a(default-on-reset.o)
 .debug_abbrev  0x00003402       0x28 c:/program files (x86)/microchip/xc32/v1.42/bin/bin/../../lib/gcc/pic32mx/4.8.3/../../../../pic32mx/lib\libpic32.a(default-on-bootstrap.o)
 .debug_abbrev  0x0000342a       0x28 c:/program files (x86)/microchip/xc32/v1.42/bin/bin/../../lib/gcc/pic32mx/4.8.3/../../../../pic32mx/lib\libpic32.a(defaultinterrupt.o)

.debug_line     0x00000000     0x66a6
 *(.debug_line)
 .debug_line    0x00000000      0x401 build/default/production/_ext/1360937237/app.o
 .debug_line    0x00000401       0xb4 build/default/production/_ext/1360937237/main.o
 .debug_line    0x000004b5      0x414 build/default/production/_ext/1360937237/debug.o
 .debug_line    0x000008c9      0x2bb build/default/production/_ext/24337685/osal_freertos.o
 .debug_line    0x00000b84      0x5c6 build/default/production/_ext/1271179505/sys_devcon.o
 .debug_line    0x0000114a      0x471 build/default/production/_ext/1271179505/sys_devcon_pic32mx.o
 .debug_line    0x000015bb      0x38c build/default/production/_ext/122796885/sys_int_pic32.o
 .debug_line    0x00001947       0x1d build/default/production/_ext/1128951024/croutine.o
 .debug_line    0x00001964      0x1dc build/default/production/_ext/1128951024/list.o
 .debug_line    0x00001b40      0x496 build/default/production/_ext/1128951024/queue.o
 .debug_line    0x00001fd6      0x7ba build/default/production/_ext/1128951024/tasks.o
 .debug_line    0x00002790       0x1d build/default/production/_ext/1128951024/timers.o
 .debug_line    0x000027ad      0x325 build/default/production/_ext/1128951024/event_groups.o
 .debug_line    0x00002ad2      0x217 build/default/production/_ext/1856876499/heap_1.o
 .debug_line    0x00002ce9      0x23a build/default/production/_ext/12131622/port.o
 .debug_line    0x00002f23      0x102 build/default/production/_ext/12131622/port_asm.o
 .debug_line    0x00003025      0x6e8 build/default/production/_ext/1407244131/drv_tmr_static.o
 .debug_line    0x0000370d      0x48c build/default/production/_ext/1407244131/drv_tmr_mapping.o
 .debug_line    0x00003b99      0x46a build/default/production/_ext/327000265/drv_usart_mapping.o
 .debug_line    0x00004003      0x6d2 build/default/production/_ext/327000265/drv_usart_static.o
 .debug_line    0x000046d5      0x454 build/default/production/_ext/327000265/drv_usart_static_byte_model.o
 .debug_line    0x00004b29      0x448 build/default/production/_ext/639803181/sys_clk_static.o
 .debug_line    0x00004f71      0x780 build/default/production/_ext/822048611/sys_ports_static.o
 .debug_line    0x000056f1      0x3e5 build/default/production/_ext/1688732426/system_init.o
 .debug_line    0x00005ad6      0x32c build/default/production/_ext/1688732426/system_interrupt.o
 .debug_line    0x00005e02      0x12a build/default/production/_ext/1688732426/system_exceptions.o
 .debug_line    0x00005f2c      0x33f build/default/production/_ext/1688732426/system_tasks.o
 .debug_line    0x0000626b       0x7b build/default/production/_ext/1688732426/system_interrupt_a.o
 .debug_line    0x000062e6      0x13f build/default/production/_ext/1688732426/rtos_hooks.o
 .debug_line    0x00006425       0xa9 c:/program files (x86)/microchip/xc32/v1.42/bin/bin/../../lib/gcc/pic32mx/4.8.3/../../../../pic32mx/lib\libpic32.a(default-bootstrap-exception-handler.o)
 .debug_line    0x000064ce       0x96 c:/program files (x86)/microchip/xc32/v1.42/bin/bin/../../lib/gcc/pic32mx/4.8.3/../../../../pic32mx/lib\libpic32.a(default-on-reset.o)
 .debug_line    0x00006564       0x9a c:/program files (x86)/microchip/xc32/v1.42/bin/bin/../../lib/gcc/pic32mx/4.8.3/../../../../pic32mx/lib\libpic32.a(default-on-bootstrap.o)
 .debug_line    0x000065fe       0xa8 c:/program files (x86)/microchip/xc32/v1.42/bin/bin/../../lib/gcc/pic32mx/4.8.3/../../../../pic32mx/lib\libpic32.a(defaultinterrupt.o)

.debug_frame    0x00000000     0x1780
 *(.debug_frame)
 .debug_frame   0x00000000       0x88 build/default/production/_ext/1360937237/app.o
 .debug_frame   0x00000088       0x28 build/default/production/_ext/1360937237/main.o
 .debug_frame   0x000000b0       0x60 build/default/production/_ext/1360937237/debug.o
 .debug_frame   0x00000110      0x150 build/default/production/_ext/24337685/osal_freertos.o
 .debug_frame   0x00000260       0xe8 build/default/production/_ext/1271179505/sys_devcon.o
 .debug_frame   0x00000348       0x28 build/default/production/_ext/1271179505/sys_devcon_pic32mx.o
 .debug_frame   0x00000370       0x90 build/default/production/_ext/122796885/sys_int_pic32.o
 .debug_frame   0x00000400       0x60 build/default/production/_ext/1128951024/list.o
 .debug_frame   0x00000460      0x218 build/default/production/_ext/1128951024/queue.o
 .debug_frame   0x00000678      0x458 build/default/production/_ext/1128951024/tasks.o
 .debug_frame   0x00000ad0      0x108 build/default/production/_ext/1128951024/event_groups.o
 .debug_frame   0x00000bd8       0x5c build/default/production/_ext/1856876499/heap_1.o
 .debug_frame   0x00000c34       0xc0 build/default/production/_ext/12131622/port.o
 .debug_frame   0x00000cf4       0xf8 build/default/production/_ext/1407244131/drv_tmr_static.o
 .debug_frame   0x00000dec      0x210 build/default/production/_ext/1407244131/drv_tmr_mapping.o
 .debug_frame   0x00000ffc      0x214 build/default/production/_ext/327000265/drv_usart_mapping.o
 .debug_frame   0x00001210       0xc0 build/default/production/_ext/327000265/drv_usart_static.o
 .debug_frame   0x000012d0       0x80 build/default/production/_ext/327000265/drv_usart_static_byte_model.o
 .debug_frame   0x00001350       0xa0 build/default/production/_ext/639803181/sys_clk_static.o
 .debug_frame   0x000013f0      0x1f0 build/default/production/_ext/822048611/sys_ports_static.o
 .debug_frame   0x000015e0       0x28 build/default/production/_ext/1688732426/system_init.o
 .debug_frame   0x00001608       0x28 build/default/production/_ext/1688732426/system_interrupt.o
 .debug_frame   0x00001630       0x28 build/default/production/_ext/1688732426/system_exceptions.o
 .debug_frame   0x00001658       0x5c build/default/production/_ext/1688732426/system_tasks.o
 .debug_frame   0x000016b4       0x40 build/default/production/_ext/1688732426/rtos_hooks.o
 .debug_frame   0x000016f4       0x2c c:/program files (x86)/microchip/xc32/v1.42/bin/bin/../../lib/gcc/pic32mx/4.8.3/../../../../pic32mx/lib\libpic32.a(default-bootstrap-exception-handler.o)
 .debug_frame   0x00001720       0x20 c:/program files (x86)/microchip/xc32/v1.42/bin/bin/../../lib/gcc/pic32mx/4.8.3/../../../../pic32mx/lib\libpic32.a(default-on-reset.o)
 .debug_frame   0x00001740       0x20 c:/program files (x86)/microchip/xc32/v1.42/bin/bin/../../lib/gcc/pic32mx/4.8.3/../../../../pic32mx/lib\libpic32.a(default-on-bootstrap.o)
 .debug_frame   0x00001760       0x20 c:/program files (x86)/microchip/xc32/v1.42/bin/bin/../../lib/gcc/pic32mx/4.8.3/../../../../pic32mx/lib\libpic32.a(defaultinterrupt.o)

.debug_str      0x00000000      0x6c7
 *(.debug_str)
 .debug_str     0x00000000        0x0 build/default/production/_ext/1360937237/app.o
 .debug_str     0x00000000        0x0 build/default/production/_ext/1360937237/main.o
 .debug_str     0x00000000       0x1c build/default/production/_ext/1360937237/debug.o
 .debug_str     0x0000001c       0x40 build/default/production/_ext/24337685/osal_freertos.o
 .debug_str     0x0000005c       0x16 build/default/production/_ext/1271179505/sys_devcon.o
 .debug_str     0x00000072        0x6 build/default/production/_ext/1271179505/sys_devcon_pic32mx.o
 .debug_str     0x00000078       0x2d build/default/production/_ext/122796885/sys_int_pic32.o
 .debug_str     0x000000a5        0x0 build/default/production/_ext/1128951024/croutine.o
 .debug_str     0x000000a5       0x2b build/default/production/_ext/1128951024/list.o
 .debug_str     0x000000d0      0x131 build/default/production/_ext/1128951024/queue.o
 .debug_str     0x00000201      0x186 build/default/production/_ext/1128951024/tasks.o
 .debug_str     0x00000387        0x0 build/default/production/_ext/1128951024/timers.o
 .debug_str     0x00000387       0xe6 build/default/production/_ext/1128951024/event_groups.o
 .debug_str     0x0000046d       0x1d build/default/production/_ext/1856876499/heap_1.o
 .debug_str     0x0000048a       0x37 build/default/production/_ext/12131622/port.o
 .debug_str     0x000004c1       0x4d build/default/production/_ext/1407244131/drv_tmr_static.o
 .debug_str     0x0000050e        0x7 build/default/production/_ext/1407244131/drv_tmr_mapping.o
 .debug_str     0x00000515       0x23 build/default/production/_ext/327000265/drv_usart_mapping.o
 .debug_str     0x00000538       0xdb build/default/production/_ext/327000265/drv_usart_static.o
 .debug_str     0x00000613       0x12 build/default/production/_ext/327000265/drv_usart_static_byte_model.o
 .debug_str     0x00000625       0x39 build/default/production/_ext/639803181/sys_clk_static.o
 .debug_str     0x0000065e       0x55 build/default/production/_ext/822048611/sys_ports_static.o
 .debug_str     0x000006b3        0xb build/default/production/_ext/1688732426/system_init.o
 .debug_str     0x000006be        0x0 build/default/production/_ext/1688732426/system_interrupt.o
 .debug_str     0x000006be        0x0 build/default/production/_ext/1688732426/system_exceptions.o
 .debug_str     0x000006be        0x0 build/default/production/_ext/1688732426/system_tasks.o
 .debug_str     0x000006be        0x9 build/default/production/_ext/1688732426/rtos_hooks.o
 .debug_str     0x000006c7        0x0 c:/program files (x86)/microchip/xc32/v1.42/bin/bin/../../lib/gcc/pic32mx/4.8.3/../../../../pic32mx/lib\libpic32.a(default-bootstrap-exception-handler.o)
 .debug_str     0x000006c7        0x0 c:/program files (x86)/microchip/xc32/v1.42/bin/bin/../../lib/gcc/pic32mx/4.8.3/../../../../pic32mx/lib\libpic32.a(default-on-reset.o)
 .debug_str     0x000006c7        0x0 c:/program files (x86)/microchip/xc32/v1.42/bin/bin/../../lib/gcc/pic32mx/4.8.3/../../../../pic32mx/lib\libpic32.a(default-on-bootstrap.o)
 .debug_str     0x000006c7        0x0 c:/program files (x86)/microchip/xc32/v1.42/bin/bin/../../lib/gcc/pic32mx/4.8.3/../../../../pic32mx/lib\libpic32.a(defaultinterrupt.o)

.debug_loc      0x00000000     0x5b57
 *(.debug_loc)
 .debug_loc     0x00000000       0x85 build/default/production/_ext/1360937237/app.o
 .debug_loc     0x00000085      0x6cb build/default/production/_ext/1360937237/debug.o
 .debug_loc     0x00000750      0x40c build/default/production/_ext/24337685/osal_freertos.o
 .debug_loc     0x00000b5c       0xf0 build/default/production/_ext/1271179505/sys_devcon.o
 .debug_loc     0x00000c4c       0xec build/default/production/_ext/1271179505/sys_devcon_pic32mx.o
 .debug_loc     0x00000d38       0x8d build/default/production/_ext/122796885/sys_int_pic32.o
 .debug_loc     0x00000dc5       0x31 build/default/production/_ext/1128951024/list.o
 .debug_loc     0x00000df6      0xeb0 build/default/production/_ext/1128951024/queue.o
 .debug_loc     0x00001ca6     0x1471 build/default/production/_ext/1128951024/tasks.o
 .debug_loc     0x00003117      0x8ea build/default/production/_ext/1128951024/event_groups.o
 .debug_loc     0x00003a01       0x49 build/default/production/_ext/1856876499/heap_1.o
 .debug_loc     0x00003a4a       0xea build/default/production/_ext/12131622/port.o
 .debug_loc     0x00003b34      0x305 build/default/production/_ext/1407244131/drv_tmr_static.o
 .debug_loc     0x00003e39      0x2f4 build/default/production/_ext/1407244131/drv_tmr_mapping.o
 .debug_loc     0x0000412d      0x63c build/default/production/_ext/327000265/drv_usart_mapping.o
 .debug_loc     0x00004769      0x40d build/default/production/_ext/327000265/drv_usart_static.o
 .debug_loc     0x00004b76       0x74 build/default/production/_ext/327000265/drv_usart_static_byte_model.o
 .debug_loc     0x00004bea       0x49 build/default/production/_ext/639803181/sys_clk_static.o
 .debug_loc     0x00004c33      0xecf build/default/production/_ext/822048611/sys_ports_static.o
 .debug_loc     0x00005b02       0x21 build/default/production/_ext/1688732426/system_init.o
 .debug_loc     0x00005b23       0x34 build/default/production/_ext/1688732426/rtos_hooks.o

.debug_macinfo
 *(.debug_macinfo)

.debug_weaknames
 *(.debug_weaknames)

.debug_funcnames
 *(.debug_funcnames)

.debug_typenames
 *(.debug_typenames)

.debug_varnames
 *(.debug_varnames)

.debug_pubtypes
 *(.debug_pubtypes)

.debug_ranges   0x00000000      0xa58
 *(.debug_ranges)
 .debug_ranges  0x00000000       0x30 build/default/production/_ext/1360937237/app.o
 .debug_ranges  0x00000030       0x10 build/default/production/_ext/1360937237/main.o
 .debug_ranges  0x00000040       0x28 build/default/production/_ext/1360937237/debug.o
 .debug_ranges  0x00000068       0x78 build/default/production/_ext/24337685/osal_freertos.o
 .debug_ranges  0x000000e0       0x68 build/default/production/_ext/1271179505/sys_devcon.o
 .debug_ranges  0x00000148       0x10 build/default/production/_ext/1271179505/sys_devcon_pic32mx.o
 .debug_ranges  0x00000158       0x50 build/default/production/_ext/122796885/sys_int_pic32.o
 .debug_ranges  0x000001a8       0x30 build/default/production/_ext/1128951024/list.o
 .debug_ranges  0x000001d8      0x130 build/default/production/_ext/1128951024/queue.o
 .debug_ranges  0x00000308      0x1b0 build/default/production/_ext/1128951024/tasks.o
 .debug_ranges  0x000004b8       0x98 build/default/production/_ext/1128951024/event_groups.o
 .debug_ranges  0x00000550       0x28 build/default/production/_ext/1856876499/heap_1.o
 .debug_ranges  0x00000578       0x48 build/default/production/_ext/12131622/port.o
 .debug_ranges  0x000005c0       0x90 build/default/production/_ext/1407244131/drv_tmr_static.o
 .debug_ranges  0x00000650       0xb8 build/default/production/_ext/1407244131/drv_tmr_mapping.o
 .debug_ranges  0x00000708       0x98 build/default/production/_ext/327000265/drv_usart_mapping.o
 .debug_ranges  0x000007a0       0x80 build/default/production/_ext/327000265/drv_usart_static.o
 .debug_ranges  0x00000820       0x38 build/default/production/_ext/327000265/drv_usart_static_byte_model.o
 .debug_ranges  0x00000858       0x40 build/default/production/_ext/639803181/sys_clk_static.o
 .debug_ranges  0x00000898       0xf8 build/default/production/_ext/822048611/sys_ports_static.o
 .debug_ranges  0x00000990       0x10 build/default/production/_ext/1688732426/system_init.o
 .debug_ranges  0x000009a0       0x10 build/default/production/_ext/1688732426/system_interrupt.o
 .debug_ranges  0x000009b0       0x10 build/default/production/_ext/1688732426/system_exceptions.o
 .debug_ranges  0x000009c0       0x20 build/default/production/_ext/1688732426/system_tasks.o
 .debug_ranges  0x000009e0       0x20 build/default/production/_ext/1688732426/system_interrupt_a.o
 .debug_ranges  0x00000a00       0x18 build/default/production/_ext/1688732426/rtos_hooks.o
 .debug_ranges  0x00000a18       0x10 c:/program files (x86)/microchip/xc32/v1.42/bin/bin/../../lib/gcc/pic32mx/4.8.3/../../../../pic32mx/lib\libpic32.a(default-bootstrap-exception-handler.o)
 .debug_ranges  0x00000a28       0x10 c:/program files (x86)/microchip/xc32/v1.42/bin/bin/../../lib/gcc/pic32mx/4.8.3/../../../../pic32mx/lib\libpic32.a(default-on-reset.o)
 .debug_ranges  0x00000a38       0x10 c:/program files (x86)/microchip/xc32/v1.42/bin/bin/../../lib/gcc/pic32mx/4.8.3/../../../../pic32mx/lib\libpic32.a(default-on-bootstrap.o)
 .debug_ranges  0x00000a48       0x10 c:/program files (x86)/microchip/xc32/v1.42/bin/bin/../../lib/gcc/pic32mx/4.8.3/../../../../pic32mx/lib\libpic32.a(defaultinterrupt.o)

.gnu.attributes
                0x00000000       0x10
 *(.gnu.attributes)
 .gnu.attributes
                0x00000000       0x10 build/default/production/_ext/1360937237/app.o
 .gnu.attributes
                0x00000010       0x10 build/default/production/_ext/1360937237/main.o
 .gnu.attributes
                0x00000020       0x10 build/default/production/_ext/1360937237/debug.o
 .gnu.attributes
                0x00000030       0x10 build/default/production/_ext/24337685/osal_freertos.o
 .gnu.attributes
                0x00000040       0x10 build/default/production/_ext/1271179505/sys_devcon.o
 .gnu.attributes
                0x00000050       0x10 build/default/production/_ext/1271179505/sys_devcon_pic32mx.o
 .gnu.attributes
                0x00000060       0x10 build/default/production/_ext/122796885/sys_int_pic32.o
 .gnu.attributes
                0x00000070       0x10 build/default/production/_ext/1128951024/croutine.o
 .gnu.attributes
                0x00000080       0x10 build/default/production/_ext/1128951024/list.o
 .gnu.attributes
                0x00000090       0x10 build/default/production/_ext/1128951024/queue.o
 .gnu.attributes
                0x000000a0       0x10 build/default/production/_ext/1128951024/tasks.o
 .gnu.attributes
                0x000000b0       0x10 build/default/production/_ext/1128951024/timers.o
 .gnu.attributes
                0x000000c0       0x10 build/default/production/_ext/1128951024/event_groups.o
 .gnu.attributes
                0x000000d0       0x10 build/default/production/_ext/1856876499/heap_1.o
 .gnu.attributes
                0x000000e0       0x10 build/default/production/_ext/12131622/port.o
 .gnu.attributes
                0x000000f0       0x10 build/default/production/_ext/1407244131/drv_tmr_static.o
 .gnu.attributes
                0x00000100       0x10 build/default/production/_ext/1407244131/drv_tmr_mapping.o
 .gnu.attributes
                0x00000110       0x10 build/default/production/_ext/327000265/drv_usart_mapping.o
 .gnu.attributes
                0x00000120       0x10 build/default/production/_ext/327000265/drv_usart_static.o
 .gnu.attributes
                0x00000130       0x10 build/default/production/_ext/327000265/drv_usart_static_byte_model.o
 .gnu.attributes
                0x00000140       0x10 build/default/production/_ext/639803181/sys_clk_static.o
 .gnu.attributes
                0x00000150       0x10 build/default/production/_ext/822048611/sys_ports_static.o
 .gnu.attributes
                0x00000160       0x10 build/default/production/_ext/1688732426/system_init.o
 .gnu.attributes
                0x00000170       0x10 build/default/production/_ext/1688732426/system_interrupt.o
 .gnu.attributes
                0x00000180       0x10 build/default/production/_ext/1688732426/system_exceptions.o
 .gnu.attributes
                0x00000190       0x10 build/default/production/_ext/1688732426/system_tasks.o
 .gnu.attributes
                0x000001a0       0x10 build/default/production/_ext/1688732426/rtos_hooks.o
 .gnu.attributes
                0x000001b0       0x10 c:/program files (x86)/microchip/xc32/v1.42/bin/bin/../../lib/gcc/pic32mx/4.8.3/../../../../pic32mx/lib\libpic32.a(default-bootstrap-exception-handler.o)
 .gnu.attributes
                0x000001c0       0x10 c:/program files (x86)/microchip/xc32/v1.42/bin/bin/../../lib/gcc/pic32mx/4.8.3/../../../../pic32mx/lib\libpic32.a(default-on-reset.o)
 .gnu.attributes
                0x000001d0       0x10 c:/program files (x86)/microchip/xc32/v1.42/bin/bin/../../lib/gcc/pic32mx/4.8.3/../../../../pic32mx/lib\libpic32.a(default-on-bootstrap.o)
 .gnu.attributes
                0x000001e0       0x10 c:/program files (x86)/microchip/xc32/v1.42/bin/bin/../../lib/gcc/pic32mx/4.8.3/../../../../pic32mx/lib\libpic32.a(defaultinterrupt.o)
LOAD c:/program files (x86)/microchip/xc32/v1.42/bin/bin/../../lib/gcc/pic32mx/4.8.3\libgcc.a
START GROUP
LOAD c:/program files (x86)/microchip/xc32/v1.42/bin/bin/../../lib/gcc/pic32mx/4.8.3/../../../../pic32mx/lib\libpic32.a
LOAD c:/program files (x86)/microchip/xc32/v1.42/bin/bin/../../lib/gcc/pic32mx/4.8.3/../../../../pic32mx/lib\libdebug.a
LOAD c:/program files (x86)/microchip/xc32/v1.42/bin/bin/../../lib/gcc/pic32mx/4.8.3/../../../../pic32mx/lib\libpic32.a
LOAD c:/program files (x86)/microchip/xc32/v1.42/bin/bin/../../lib/gcc/pic32mx/4.8.3/../../../../pic32mx/lib\libm.a
LOAD c:/program files (x86)/microchip/xc32/v1.42/bin/bin/../../lib/gcc/pic32mx/4.8.3/../../../../pic32mx/lib\libe.a
LOAD c:/program files (x86)/microchip/xc32/v1.42/bin/bin/../../lib/gcc/pic32mx/4.8.3/../../../../pic32mx/lib\libdsp.a
LOAD c:/program files (x86)/microchip/xc32/v1.42/bin/bin/../../lib/gcc/pic32mx/4.8.3\libgcc.a
LOAD c:/program files (x86)/microchip/xc32/v1.42/bin/bin/../../lib/gcc/pic32mx/4.8.3/../../../../pic32mx/lib\libc.a
LOAD c:/program files (x86)/microchip/xc32/v1.42/bin/bin/../../lib/gcc/pic32mx/4.8.3/../../../../pic32mx/lib\libc.a
LOAD c:/program files (x86)/microchip/xc32/v1.42/bin/bin/../../lib/gcc/pic32mx/4.8.3/../../../../pic32mx/lib\libpic32.a
END GROUP
LOAD c:/program files (x86)/microchip/xc32/v1.42/bin/bin/../../lib/gcc/pic32mx/4.8.3\libgcc.a
OUTPUT(dist/default/production/Mile2part1.X.production.elf elf32-tradlittlemips)
LOAD stack
LOAD data_init

.reginfo        0x00000000       0x18
 .reginfo       0x00000000       0x18 c:/program files (x86)/microchip/xc32/v1.42/bin/bin/../../lib/gcc/pic32mx/4.8.3/../../../../pic32mx/lib/./proc/32MX795F512L/crt0_mips32r2.o

.stack          0xa00197a0      0x400
 .stack         0xa00197a0      0x400 stack

.bss            0xa000007c    0x19708
 .bss           0xa000007c    0x19000 build/default/production/_ext/1856876499/heap_1.o
 .bss           0xa001907c      0x640 build/default/production/_ext/12131622/port.o
                0xa001907c                xISRStack
 .bss           0xa00196bc       0xc8 build/default/production/_ext/1128951024/tasks.o

._debug_exception
                0xbfc00480       0x2c
 ._debug_exception
                0xbfc00480       0x2c c:/program files (x86)/microchip/xc32/v1.42/bin/bin/../../lib/gcc/pic32mx/4.8.3/../../../../pic32mx/lib\debug-exception-return.o
                0xbfc00480                __DbgExecReturn

.text           0x9d000000      0x454
 .text          0x9d000000      0x454 build/default/production/_ext/12131622/port_asm.o
                0x9d000000                vPortTickInterruptHandler
                0x9d0001ac                vPortStartFirstTask
                0x9d000274                vPortYieldISR

.text.xTaskCreate
                0x9d000454      0x2d0
 .text.xTaskCreate
                0x9d000454      0x2d0 build/default/production/_ext/1128951024/tasks.o
                0x9d000454                xTaskCreate

.text.xQueueGenericReceive
                0x9d000724      0x264
 .text.xQueueGenericReceive
                0x9d000724      0x264 build/default/production/_ext/1128951024/queue.o
                0x9d000724                xQueueGenericReceive

.text.xQueueGenericSend
                0x9d000988      0x20c
 .text.xQueueGenericSend
                0x9d000988      0x20c build/default/production/_ext/1128951024/queue.o
                0x9d000988                xQueueGenericSend

.DrvTmrInstance0_vector_text
                0x9d000b94      0x1b4
 .DrvTmrInstance0_vector_text
                0x9d000b94      0x1b4 build/default/production/_ext/1688732426/system_interrupt_a.o

.text.xTaskIncrementTick
                0x9d000d48      0x198
 .text.xTaskIncrementTick
                0x9d000d48      0x198 build/default/production/_ext/1128951024/tasks.o
                0x9d000d48                xTaskIncrementTick

.text.dbgOutputVal
                0x9d000ee0      0x184
 .text.dbgOutputVal
                0x9d000ee0      0x184 build/default/production/_ext/1360937237/debug.o
                0x9d000ee0                dbgOutputVal

.text.dbgOutputLoc
                0x9d001064      0x184
 .text.dbgOutputLoc
                0x9d001064      0x184 build/default/production/_ext/1360937237/debug.o
                0x9d001064                dbgOutputLoc

.text           0x9d0011e8      0x168
 .text          0x9d0011e8      0x168 c:/program files (x86)/microchip/xc32/v1.42/bin/bin/../../lib/gcc/pic32mx/4.8.3/../../../../pic32mx/lib\libpic32.a(memcpy.o)
                0x9d0011e8                memcpy

.text.xTaskResumeAll
                0x9d001350      0x148
 .text.xTaskResumeAll
                0x9d001350      0x148 build/default/production/_ext/1128951024/tasks.o
                0x9d001350                xTaskResumeAll

.text.DRV_USART0_Initialize
                0x9d001498      0x144
 .text.DRV_USART0_Initialize
                0x9d001498      0x144 build/default/production/_ext/327000265/drv_usart_static.o
                0x9d001498                DRV_USART0_Initialize

.text.vTaskPriorityInherit
                0x9d0015dc      0x12c
 .text.vTaskPriorityInherit
                0x9d0015dc      0x12c build/default/production/_ext/1128951024/tasks.o
                0x9d0015dc                vTaskPriorityInherit

.rodata         0x9d001708      0x128
 .rodata        0x9d001708      0x128 build/default/production/_ext/1688732426/system_exceptions.o

.text.prvUnlockQueue
                0x9d001830       0xfc
 .text.prvUnlockQueue
                0x9d001830       0xfc build/default/production/_ext/1128951024/queue.o

.text.xTaskPriorityDisinherit
                0x9d00192c       0xf8
 .text.xTaskPriorityDisinherit
                0x9d00192c       0xf8 build/default/production/_ext/1128951024/tasks.o
                0x9d00192c                xTaskPriorityDisinherit

.text.prvCopyDataToQueue
                0x9d001a24       0xf4
 .text.prvCopyDataToQueue
                0x9d001a24       0xf4 build/default/production/_ext/1128951024/queue.o

.text.xQueueGenericSendFromISR
                0x9d001b18       0xf0
 .text.xQueueGenericSendFromISR
                0x9d001b18       0xf0 build/default/production/_ext/1128951024/queue.o
                0x9d001b18                xQueueGenericSendFromISR

.text.prvAddCurrentTaskToDelayedList
                0x9d001c08       0xe4
 .text.prvAddCurrentTaskToDelayedList
                0x9d001c08       0xe4 build/default/production/_ext/1128951024/tasks.o

.text.vTaskSwitchContext
                0x9d001cec       0xe0
 .text.vTaskSwitchContext
                0x9d001cec       0xe0 build/default/production/_ext/1128951024/tasks.o
                0x9d001cec                vTaskSwitchContext

.text.SYS_DEVCON_PerformanceConfig
                0x9d001dcc       0xdc
 .text.SYS_DEVCON_PerformanceConfig
                0x9d001dcc       0xdc build/default/production/_ext/1271179505/sys_devcon_pic32mx.o
                0x9d001dcc                SYS_DEVCON_PerformanceConfig

.text.general_exception
                0x9d001ea8       0xdc
 .text.general_exception
                0x9d001ea8       0xdc c:/program files (x86)/microchip/xc32/v1.42/bin/bin/../../lib/gcc/pic32mx/4.8.3/../../../../pic32mx/lib\libpic32.a(general-exception.o)
                0x9d001ea8                _general_exception_context

.text.xQueueGenericReset
                0x9d001f84       0xc0
 .text.xQueueGenericReset
                0x9d001f84       0xc0 build/default/production/_ext/1128951024/queue.o
                0x9d001f84                xQueueGenericReset

.text.pvPortMalloc
                0x9d002044       0xc0
 .text.pvPortMalloc
                0x9d002044       0xc0 build/default/production/_ext/1856876499/heap_1.o
                0x9d002044                pvPortMalloc

.text.xTaskRemoveFromEventList
                0x9d002104       0xbc
 .text.xTaskRemoveFromEventList
                0x9d002104       0xbc build/default/production/_ext/1128951024/tasks.o
                0x9d002104                xTaskRemoveFromEventList

.text.prvIdleTask
                0x9d0021c0       0xb4
 .text.prvIdleTask
                0x9d0021c0       0xb4 build/default/production/_ext/1128951024/tasks.o

.text           0x9d002274       0xa8
 .text          0x9d002274       0xa8 c:/program files (x86)/microchip/xc32/v1.42/bin/bin/../../lib/gcc/pic32mx/4.8.3/../../../../pic32mx/lib\libpic32.a(memset.o)
                0x9d002274                memset

.text.xTaskCheckForTimeOut
                0x9d00231c       0xa0
 .text.xTaskCheckForTimeOut
                0x9d00231c       0xa0 build/default/production/_ext/1128951024/tasks.o
                0x9d00231c                xTaskCheckForTimeOut

.text.xQueueGenericCreate
                0x9d0023bc       0x94
 .text.xQueueGenericCreate
                0x9d0023bc       0x94 build/default/production/_ext/1128951024/queue.o
                0x9d0023bc                xQueueGenericCreate

.dinit          0x9d002450       0x90
 .dinit         0x9d002450       0x90 data_init

.text.vTaskStartScheduler
                0x9d0024e0       0x80
 .text.vTaskStartScheduler
                0x9d0024e0       0x80 build/default/production/_ext/1128951024/tasks.o
                0x9d0024e0                vTaskStartScheduler

.text.DRV_TMR0_Initialize
                0x9d002560       0x7c
 .text.DRV_TMR0_Initialize
                0x9d002560       0x7c build/default/production/_ext/1407244131/drv_tmr_static.o
                0x9d002560                DRV_TMR0_Initialize

.text.SYS_Initialize
                0x9d0025dc       0x7c
 .text.SYS_Initialize
                0x9d0025dc       0x7c build/default/production/_ext/1688732426/system_init.o
                0x9d0025dc                SYS_Initialize

.text.IntHandlerDrvTmrInstance0
                0x9d002658       0x78
 .text.IntHandlerDrvTmrInstance0
                0x9d002658       0x78 build/default/production/_ext/1688732426/system_interrupt.o
                0x9d002658                IntHandlerDrvTmrInstance0

.text.vApplicationSetupTickTimerInterrupt
                0x9d0026d0       0x6c
 .text.vApplicationSetupTickTimerInterrupt
                0x9d0026d0       0x6c build/default/production/_ext/12131622/port.o
                0x9d0026d0                vApplicationSetupTickTimerInterrupt

.text.vTaskExitCritical
                0x9d00273c       0x68
 .text.vTaskExitCritical
                0x9d00273c       0x68 build/default/production/_ext/1128951024/tasks.o
                0x9d00273c                vTaskExitCritical

.text.SYS_Tasks
                0x9d0027a4       0x68
 .text.SYS_Tasks
                0x9d0027a4       0x68 build/default/production/_ext/1688732426/system_tasks.o
                0x9d0027a4                SYS_Tasks

.text.APP_Initialize
                0x9d00280c       0x5c
 .text.APP_Initialize
                0x9d00280c       0x5c build/default/production/_ext/1360937237/app.o
                0x9d00280c                APP_Initialize

.text.ISRQ_Send
                0x9d002868       0x5c
 .text.ISRQ_Send
                0x9d002868       0x5c build/default/production/_ext/1360937237/app.o
                0x9d002868                ISRQ_Send

.text.vListInsert
                0x9d0028c4       0x5c
 .text.vListInsert
                0x9d0028c4       0x5c build/default/production/_ext/1128951024/list.o
                0x9d0028c4                vListInsert

.text.xPortStartScheduler
                0x9d002920       0x5c
 .text.xPortStartScheduler
                0x9d002920       0x5c build/default/production/_ext/12131622/port.o
                0x9d002920                xPortStartScheduler

.text.APP_Tasks
                0x9d00297c       0x58
 .text.APP_Tasks
                0x9d00297c       0x58 build/default/production/_ext/1360937237/app.o
                0x9d00297c                APP_Tasks

.text.SYS_DEVCON_SystemUnlock
                0x9d0029d4       0x58
 .text.SYS_DEVCON_SystemUnlock
                0x9d0029d4       0x58 build/default/production/_ext/1271179505/sys_devcon.o
                0x9d0029d4                SYS_DEVCON_SystemUnlock

.text.xQueueCreateMutex
                0x9d002a2c       0x58
 .text.xQueueCreateMutex
                0x9d002a2c       0x58 build/default/production/_ext/1128951024/queue.o
                0x9d002a2c                xQueueCreateMutex

.text.SYS_CLK_Initialize
                0x9d002a84       0x58
 .text.SYS_CLK_Initialize
                0x9d002a84       0x58 build/default/production/_ext/639803181/sys_clk_static.o
                0x9d002a84                SYS_CLK_Initialize

.text.main_entry
                0x9d002adc       0x54
 .text.main_entry
                0x9d002adc       0x54 c:/program files (x86)/microchip/xc32/v1.42/bin/bin/../../lib/gcc/pic32mx/4.8.3/../../../../pic32mx/lib/./proc/32MX795F512L/crt0_mips32r2.o
                0x9d002b10                __crt0_exit

.text.pxPortInitialiseStack
                0x9d002b30       0x54
 .text.pxPortInitialiseStack
                0x9d002b30       0x54 build/default/production/_ext/12131622/port.o
                0x9d002b30                pxPortInitialiseStack

.text.vPortIncrementTick
                0x9d002b84       0x54
 .text.vPortIncrementTick
                0x9d002b84       0x54 build/default/production/_ext/12131622/port.o
                0x9d002b84                vPortIncrementTick

.text.DRV_USART0_WriteByte
                0x9d002bd8       0x54
 .text.DRV_USART0_WriteByte
                0x9d002bd8       0x54 build/default/production/_ext/327000265/drv_usart_static_byte_model.o
                0x9d002bd8                DRV_USART0_WriteByte

.text.prvCopyDataFromQueue
                0x9d002c2c       0x50
 .text.prvCopyDataFromQueue
                0x9d002c2c       0x50 build/default/production/_ext/1128951024/queue.o

.text.vTaskEnterCritical
                0x9d002c7c       0x50
 .text.vTaskEnterCritical
                0x9d002c7c       0x50 build/default/production/_ext/1128951024/tasks.o
                0x9d002c7c                vTaskEnterCritical

.text.SYS_DEVCON_SystemLock
                0x9d002ccc       0x48
 .text.SYS_DEVCON_SystemLock
                0x9d002ccc       0x48 build/default/production/_ext/1271179505/sys_devcon.o
                0x9d002ccc                SYS_DEVCON_SystemLock

.text._bootstrap_exception_handler
                0x9d002d14       0x48
 .text._bootstrap_exception_handler
                0x9d002d14       0x48 c:/program files (x86)/microchip/xc32/v1.42/bin/bin/../../lib/gcc/pic32mx/4.8.3/../../../../pic32mx/lib\libpic32.a(default-bootstrap-exception-handler.o)
                0x9d002d14                _bootstrap_exception_handler

.vector_default
                0x9d002d5c       0x48
 .vector_default
                0x9d002d5c       0x48 c:/program files (x86)/microchip/xc32/v1.42/bin/bin/../../lib/gcc/pic32mx/4.8.3/../../../../pic32mx/lib\libpic32.a(defaultinterrupt.o)
                0x9d002d5c                _DefaultInterrupt

.text.OSAL_MUTEX_Lock
                0x9d002da4       0x44
 .text.OSAL_MUTEX_Lock
                0x9d002da4       0x44 build/default/production/_ext/24337685/osal_freertos.o
                0x9d002da4                OSAL_MUTEX_Lock

.text.uxListRemove
                0x9d002de8       0x44
 .text.uxListRemove
                0x9d002de8       0x44 build/default/production/_ext/1128951024/list.o
                0x9d002de8                uxListRemove

.text           0x9d002e2c       0x44
 .text          0x9d002e2c       0x44 c:/program files (x86)/microchip/xc32/v1.42/bin/bin/../../lib/gcc/pic32mx/4.8.3/../../../../pic32mx/lib\pic32_software_reset.o
                0x9d002e2c                __pic32_software_reset

.text.SYS_PORTS_Initialize
                0x9d002e70       0x40
 .text.SYS_PORTS_Initialize
                0x9d002e70       0x40 build/default/production/_ext/822048611/sys_ports_static.o
                0x9d002e70                SYS_PORTS_Initialize

.text._general_exception_handler
                0x9d002eb0       0x40
 .text._general_exception_handler
                0x9d002eb0       0x40 build/default/production/_ext/1688732426/system_exceptions.o
                0x9d002eb0                _general_exception_handler

.text._SYS_Tasks
                0x9d002ef0       0x40
 .text._SYS_Tasks
                0x9d002ef0       0x40 build/default/production/_ext/1688732426/system_tasks.o

.text.OSAL_MUTEX_Create
                0x9d002f30       0x3c
 .text.OSAL_MUTEX_Create
                0x9d002f30       0x3c build/default/production/_ext/24337685/osal_freertos.o
                0x9d002f30                OSAL_MUTEX_Create

.text.uxPortSetInterruptMaskFromISR
                0x9d002f6c       0x3c
 .text.uxPortSetInterruptMaskFromISR
                0x9d002f6c       0x3c build/default/production/_ext/12131622/port.o
                0x9d002f6c                uxPortSetInterruptMaskFromISR

.text.DRV_TMR0_Start
                0x9d002fa8       0x3c
 .text.DRV_TMR0_Start
                0x9d002fa8       0x3c build/default/production/_ext/1407244131/drv_tmr_static.o
                0x9d002fa8                DRV_TMR0_Start
